C:/Temp/Development/ngv/ngv/STM32CubeG0-master/STM32CubeG0-master/Projects/NUCLEO-G0B1RE/Examples/GPIO/GPIO_EXTI/Src/main.c:65:5:main	8	static
C:/Temp/Development/ngv/ngv/STM32CubeG0-master/STM32CubeG0-master/Projects/NUCLEO-G0B1RE/Examples/GPIO/GPIO_EXTI/Src/main.c:121:6:SystemClock_Config	96	static
C:/Temp/Development/ngv/ngv/STM32CubeG0-master/STM32CubeG0-master/Projects/NUCLEO-G0B1RE/Examples/GPIO/GPIO_EXTI/Src/main.c:169:13:EXTI4_15_IRQHandler_Config	32	static
C:/Temp/Development/ngv/ngv/STM32CubeG0-master/STM32CubeG0-master/Projects/NUCLEO-G0B1RE/Examples/GPIO/GPIO_EXTI/Src/main.c:197:6:HAL_GPIO_EXTI_Falling_Callback	16	static
C:/Temp/Development/ngv/ngv/STM32CubeG0-master/STM32CubeG0-master/Projects/NUCLEO-G0B1RE/Examples/GPIO/GPIO_EXTI/Src/main.c:211:6:Error_Handler	8	static
