C:/Temp/Development/ngv/ngv/STM32CubeG0-master/STM32CubeG0-master/Projects/NUCLEO-G0B1RE/Examples/GPIO/GPIO_EXTI/Src/main.c:65:5:main	1
C:/Temp/Development/ngv/ngv/STM32CubeG0-master/STM32CubeG0-master/Projects/NUCLEO-G0B1RE/Examples/GPIO/GPIO_EXTI/Src/main.c:121:6:SystemClock_Config	3
C:/Temp/Development/ngv/ngv/STM32CubeG0-master/STM32CubeG0-master/Projects/NUCLEO-G0B1RE/Examples/GPIO/GPIO_EXTI/Src/main.c:169:13:EXTI4_15_IRQHandler_Config	1
C:/Temp/Development/ngv/ngv/STM32CubeG0-master/STM32CubeG0-master/Projects/NUCLEO-G0B1RE/Examples/GPIO/GPIO_EXTI/Src/main.c:195:6:HAL_GPIO_EXTI_Falling_Callback	2
C:/Temp/Development/ngv/ngv/STM32CubeG0-master/STM32CubeG0-master/Projects/NUCLEO-G0B1RE/Examples/GPIO/GPIO_EXTI/Src/main.c:209:6:Error_Handler	1
