C:/Temp/Development/ngv/ngv/STM32CubeG0-master/STM32CubeG0-master/Projects/NUCLEO-G0B1RE/Examples/DAC/DAC_SignalsGeneration/Src/main.c:75:5:main	8	static
C:/Temp/Development/ngv/ngv/STM32CubeG0-master/STM32CubeG0-master/Projects/NUCLEO-G0B1RE/Examples/DAC/DAC_SignalsGeneration/Src/main.c:162:6:SystemClock_Config	96	static
C:/Temp/Development/ngv/ngv/STM32CubeG0-master/STM32CubeG0-master/Projects/NUCLEO-G0B1RE/Examples/DAC/DAC_SignalsGeneration/Src/main.c:209:13:MX_DAC1_Init	48	static
C:/Temp/Development/ngv/ngv/STM32CubeG0-master/STM32CubeG0-master/Projects/NUCLEO-G0B1RE/Examples/DAC/DAC_SignalsGeneration/Src/main.c:252:13:MX_TIM1_Init	40	static
C:/Temp/Development/ngv/ngv/STM32CubeG0-master/STM32CubeG0-master/Projects/NUCLEO-G0B1RE/Examples/DAC/DAC_SignalsGeneration/Src/main.c:297:13:MX_DMA_Init	16	static
C:/Temp/Development/ngv/ngv/STM32CubeG0-master/STM32CubeG0-master/Projects/NUCLEO-G0B1RE/Examples/DAC/DAC_SignalsGeneration/Src/main.c:315:13:MX_GPIO_Init	16	static
C:/Temp/Development/ngv/ngv/STM32CubeG0-master/STM32CubeG0-master/Projects/NUCLEO-G0B1RE/Examples/DAC/DAC_SignalsGeneration/Src/main.c:333:13:DAC_Ch1_EscalatorConfig	16	static
C:/Temp/Development/ngv/ngv/STM32CubeG0-master/STM32CubeG0-master/Projects/NUCLEO-G0B1RE/Examples/DAC/DAC_SignalsGeneration/Src/main.c:355:13:DAC_Ch1_TriangleConfig	8	static
C:/Temp/Development/ngv/ngv/STM32CubeG0-master/STM32CubeG0-master/Projects/NUCLEO-G0B1RE/Examples/DAC/DAC_SignalsGeneration/Src/main.c:391:6:HAL_GPIO_EXTI_Falling_Callback	16	static
C:/Temp/Development/ngv/ngv/STM32CubeG0-master/STM32CubeG0-master/Projects/NUCLEO-G0B1RE/Examples/DAC/DAC_SignalsGeneration/Src/main.c:406:6:Error_Handler	8	static
