C:/Temp/Development/ngv/ngv/STM32CubeG0-master/STM32CubeG0-master/Projects/NUCLEO-G0B1RE/Examples/DAC/DAC_SignalsGeneration/Src/main.c:75:5:main	3
C:/Temp/Development/ngv/ngv/STM32CubeG0-master/STM32CubeG0-master/Projects/NUCLEO-G0B1RE/Examples/DAC/DAC_SignalsGeneration/Src/main.c:162:6:SystemClock_Config	3
C:/Temp/Development/ngv/ngv/STM32CubeG0-master/STM32CubeG0-master/Projects/NUCLEO-G0B1RE/Examples/DAC/DAC_SignalsGeneration/Src/main.c:209:13:MX_DAC1_Init	3
C:/Temp/Development/ngv/ngv/STM32CubeG0-master/STM32CubeG0-master/Projects/NUCLEO-G0B1RE/Examples/DAC/DAC_SignalsGeneration/Src/main.c:252:13:MX_TIM1_Init	4
C:/Temp/Development/ngv/ngv/STM32CubeG0-master/STM32CubeG0-master/Projects/NUCLEO-G0B1RE/Examples/DAC/DAC_SignalsGeneration/Src/main.c:297:13:MX_DMA_Init	1
C:/Temp/Development/ngv/ngv/STM32CubeG0-master/STM32CubeG0-master/Projects/NUCLEO-G0B1RE/Examples/DAC/DAC_SignalsGeneration/Src/main.c:315:13:MX_GPIO_Init	1
C:/Temp/Development/ngv/ngv/STM32CubeG0-master/STM32CubeG0-master/Projects/NUCLEO-G0B1RE/Examples/DAC/DAC_SignalsGeneration/Src/main.c:333:13:DAC_Ch1_EscalatorConfig	3
C:/Temp/Development/ngv/ngv/STM32CubeG0-master/STM32CubeG0-master/Projects/NUCLEO-G0B1RE/Examples/DAC/DAC_SignalsGeneration/Src/main.c:355:13:DAC_Ch1_TriangleConfig	5
C:/Temp/Development/ngv/ngv/STM32CubeG0-master/STM32CubeG0-master/Projects/NUCLEO-G0B1RE/Examples/DAC/DAC_SignalsGeneration/Src/main.c:391:6:HAL_GPIO_EXTI_Falling_Callback	1
C:/Temp/Development/ngv/ngv/STM32CubeG0-master/STM32CubeG0-master/Projects/NUCLEO-G0B1RE/Examples/DAC/DAC_SignalsGeneration/Src/main.c:406:6:Error_Handler	1
