Archive member included to satisfy reference by file (symbol)

C:/ST/STM32CubeIDE_2.2.0/STM32CubeIDE/plugins/com.st.stm32cube.ide.mcu.externaltools.gnu-tools-for-stm32.14.3.rel1.win32_1.0.100.202602081740/tools/bin/../lib/gcc/arm-none-eabi/14.3.1/../../../../arm-none-eabi/lib/thumb/v6-m/nofp\libc_nano.a(libc_a-exit.o)
                              C:/ST/STM32CubeIDE_2.2.0/STM32CubeIDE/plugins/com.st.stm32cube.ide.mcu.externaltools.gnu-tools-for-stm32.14.3.rel1.win32_1.0.100.202602081740/tools/bin/../lib/gcc/arm-none-eabi/14.3.1/../../../../arm-none-eabi/lib/thumb/v6-m/nofp/crt0.o (exit)
C:/ST/STM32CubeIDE_2.2.0/STM32CubeIDE/plugins/com.st.stm32cube.ide.mcu.externaltools.gnu-tools-for-stm32.14.3.rel1.win32_1.0.100.202602081740/tools/bin/../lib/gcc/arm-none-eabi/14.3.1/../../../../arm-none-eabi/lib/thumb/v6-m/nofp\libc_nano.a(libc_a-findfp.o)
                              C:/ST/STM32CubeIDE_2.2.0/STM32CubeIDE/plugins/com.st.stm32cube.ide.mcu.externaltools.gnu-tools-for-stm32.14.3.rel1.win32_1.0.100.202602081740/tools/bin/../lib/gcc/arm-none-eabi/14.3.1/../../../../arm-none-eabi/lib/thumb/v6-m/nofp\libc_nano.a(libc_a-exit.o) (__stdio_exit_handler)
C:/ST/STM32CubeIDE_2.2.0/STM32CubeIDE/plugins/com.st.stm32cube.ide.mcu.externaltools.gnu-tools-for-stm32.14.3.rel1.win32_1.0.100.202602081740/tools/bin/../lib/gcc/arm-none-eabi/14.3.1/../../../../arm-none-eabi/lib/thumb/v6-m/nofp\libc_nano.a(libc_a-fwalk.o)
                              C:/ST/STM32CubeIDE_2.2.0/STM32CubeIDE/plugins/com.st.stm32cube.ide.mcu.externaltools.gnu-tools-for-stm32.14.3.rel1.win32_1.0.100.202602081740/tools/bin/../lib/gcc/arm-none-eabi/14.3.1/../../../../arm-none-eabi/lib/thumb/v6-m/nofp\libc_nano.a(libc_a-findfp.o) (_fwalk_sglue)
C:/ST/STM32CubeIDE_2.2.0/STM32CubeIDE/plugins/com.st.stm32cube.ide.mcu.externaltools.gnu-tools-for-stm32.14.3.rel1.win32_1.0.100.202602081740/tools/bin/../lib/gcc/arm-none-eabi/14.3.1/../../../../arm-none-eabi/lib/thumb/v6-m/nofp\libc_nano.a(libc_a-stdio.o)
                              C:/ST/STM32CubeIDE_2.2.0/STM32CubeIDE/plugins/com.st.stm32cube.ide.mcu.externaltools.gnu-tools-for-stm32.14.3.rel1.win32_1.0.100.202602081740/tools/bin/../lib/gcc/arm-none-eabi/14.3.1/../../../../arm-none-eabi/lib/thumb/v6-m/nofp\libc_nano.a(libc_a-findfp.o) (__sread)
C:/ST/STM32CubeIDE_2.2.0/STM32CubeIDE/plugins/com.st.stm32cube.ide.mcu.externaltools.gnu-tools-for-stm32.14.3.rel1.win32_1.0.100.202602081740/tools/bin/../lib/gcc/arm-none-eabi/14.3.1/../../../../arm-none-eabi/lib/thumb/v6-m/nofp\libc_nano.a(libc_a-memset.o)
                              C:/ST/STM32CubeIDE_2.2.0/STM32CubeIDE/plugins/com.st.stm32cube.ide.mcu.externaltools.gnu-tools-for-stm32.14.3.rel1.win32_1.0.100.202602081740/tools/bin/../lib/gcc/arm-none-eabi/14.3.1/../../../../arm-none-eabi/lib/thumb/v6-m/nofp/crt0.o (memset)
C:/ST/STM32CubeIDE_2.2.0/STM32CubeIDE/plugins/com.st.stm32cube.ide.mcu.externaltools.gnu-tools-for-stm32.14.3.rel1.win32_1.0.100.202602081740/tools/bin/../lib/gcc/arm-none-eabi/14.3.1/../../../../arm-none-eabi/lib/thumb/v6-m/nofp\libc_nano.a(libc_a-closer.o)
                              C:/ST/STM32CubeIDE_2.2.0/STM32CubeIDE/plugins/com.st.stm32cube.ide.mcu.externaltools.gnu-tools-for-stm32.14.3.rel1.win32_1.0.100.202602081740/tools/bin/../lib/gcc/arm-none-eabi/14.3.1/../../../../arm-none-eabi/lib/thumb/v6-m/nofp\libc_nano.a(libc_a-stdio.o) (_close_r)
C:/ST/STM32CubeIDE_2.2.0/STM32CubeIDE/plugins/com.st.stm32cube.ide.mcu.externaltools.gnu-tools-for-stm32.14.3.rel1.win32_1.0.100.202602081740/tools/bin/../lib/gcc/arm-none-eabi/14.3.1/../../../../arm-none-eabi/lib/thumb/v6-m/nofp\libc_nano.a(libc_a-reent.o)
                              C:/ST/STM32CubeIDE_2.2.0/STM32CubeIDE/plugins/com.st.stm32cube.ide.mcu.externaltools.gnu-tools-for-stm32.14.3.rel1.win32_1.0.100.202602081740/tools/bin/../lib/gcc/arm-none-eabi/14.3.1/../../../../arm-none-eabi/lib/thumb/v6-m/nofp\libc_nano.a(libc_a-closer.o) (errno)
C:/ST/STM32CubeIDE_2.2.0/STM32CubeIDE/plugins/com.st.stm32cube.ide.mcu.externaltools.gnu-tools-for-stm32.14.3.rel1.win32_1.0.100.202602081740/tools/bin/../lib/gcc/arm-none-eabi/14.3.1/../../../../arm-none-eabi/lib/thumb/v6-m/nofp\libc_nano.a(libc_a-impure.o)
                              C:/ST/STM32CubeIDE_2.2.0/STM32CubeIDE/plugins/com.st.stm32cube.ide.mcu.externaltools.gnu-tools-for-stm32.14.3.rel1.win32_1.0.100.202602081740/tools/bin/../lib/gcc/arm-none-eabi/14.3.1/../../../../arm-none-eabi/lib/thumb/v6-m/nofp\libc_nano.a(libc_a-reent.o) (_impure_ptr)
C:/ST/STM32CubeIDE_2.2.0/STM32CubeIDE/plugins/com.st.stm32cube.ide.mcu.externaltools.gnu-tools-for-stm32.14.3.rel1.win32_1.0.100.202602081740/tools/bin/../lib/gcc/arm-none-eabi/14.3.1/../../../../arm-none-eabi/lib/thumb/v6-m/nofp\libc_nano.a(libc_a-lseekr.o)
[...]
Memory Configuration

Name             Origin             Length             Attributes
RAM              0x20000000         0x00024000         xrw
FLASH            0x08000000         0x00080000         xr
*default*        0x00000000         0xffffffff

Linker script and memory map

LOAD C:/ST/STM32CubeIDE_2.2.0/STM32CubeIDE/plugins/com.st.stm32cube.ide.mcu.externaltools.gnu-tools-for-stm32.14.3.rel1.win32_1.0.100.202602081740/tools/bin/../lib/gcc/arm-none-eabi/14.3.1/thumb/v6-m/nofp/crti.o
LOAD C:/ST/STM32CubeIDE_2.2.0/STM32CubeIDE/plugins/com.st.stm32cube.ide.mcu.externaltools.gnu-tools-for-stm32.14.3.rel1.win32_1.0.100.202602081740/tools/bin/../lib/gcc/arm-none-eabi/14.3.1/thumb/v6-m/nofp/crtbegin.o
LOAD C:/ST/STM32CubeIDE_2.2.0/STM32CubeIDE/plugins/com.st.stm32cube.ide.mcu.externaltools.gnu-tools-for-stm32.14.3.rel1.win32_1.0.100.202602081740/tools/bin/../lib/gcc/arm-none-eabi/14.3.1/../../../../arm-none-eabi/lib/thumb/v6-m/nofp/crt0.o
LOAD ./Application/Startup/startup_stm32g0b1retx.o
LOAD ./Application/User/main.o
LOAD ./Application/User/stm32g0xx_hal_msp.o
LOAD ./Application/User/stm32g0xx_it.o
LOAD ./Application/User/syscalls.o
LOAD ./Application/User/sysmem.o
LOAD ./Drivers/BSP/STM32G0xx_Nucleo/stm32g0xx_nucleo.o
LOAD ./Drivers/CMSIS/system_stm32g0xx.o
LOAD ./Drivers/STM32G0xx_HAL_Driver/stm32g0xx_hal.o
LOAD ./Drivers/STM32G0xx_HAL_Driver/stm32g0xx_hal_cortex.o
LOAD ./Drivers/STM32G0xx_HAL_Driver/stm32g0xx_hal_dma.o
LOAD ./Drivers/STM32G0xx_HAL_Driver/stm32g0xx_hal_dma_ex.o
LOAD ./Drivers/STM32G0xx_HAL_Driver/stm32g0xx_hal_exti.o
LOAD ./Drivers/STM32G0xx_HAL_Driver/stm32g0xx_hal_flash.o
LOAD ./Drivers/STM32G0xx_HAL_Driver/stm32g0xx_hal_flash_ex.o
LOAD ./Drivers/STM32G0xx_HAL_Driver/stm32g0xx_hal_gpio.o
LOAD ./Drivers/STM32G0xx_HAL_Driver/stm32g0xx_hal_pwr.o
LOAD ./Drivers/STM32G0xx_HAL_Driver/stm32g0xx_hal_pwr_ex.o
LOAD ./Drivers/STM32G0xx_HAL_Driver/stm32g0xx_hal_rcc.o
LOAD ./Drivers/STM32G0xx_HAL_Driver/stm32g0xx_hal_rcc_ex.o
LOAD ./Drivers/STM32G0xx_HAL_Driver/stm32g0xx_hal_rtc.o
LOAD ./Drivers/STM32G0xx_HAL_Driver/stm32g0xx_hal_rtc_ex.o
LOAD ./Drivers/STM32G0xx_HAL_Driver/stm32g0xx_hal_tim.o
LOAD ./Drivers/STM32G0xx_HAL_Driver/stm32g0xx_hal_tim_ex.o
LOAD ./Drivers/STM32G0xx_HAL_Driver/stm32g0xx_ll_dma.o
LOAD ./Drivers/STM32G0xx_HAL_Driver/stm32g0xx_ll_rcc.o
START GROUP
LOAD C:/ST/STM32CubeIDE_2.2.0/STM32CubeIDE/plugins/com.st.stm32cube.ide.mcu.externaltools.gnu-tools-for-stm32.14.3.rel1.win32_1.0.100.202602081740/tools/bin/../lib/gcc/arm-none-eabi/14.3.1/../../../../arm-none-eabi/lib/thumb/v6-m/nofp\libc_nano.a
LOAD C:/ST/STM32CubeIDE_2.2.0/STM32CubeIDE/plugins/com.st.stm32cube.ide.mcu.externaltools.gnu-tools-for-stm32.14.3.rel1.win32_1.0.100.202602081740/tools/bin/../lib/gcc/arm-none-eabi/14.3.1/../../../../arm-none-eabi/lib/thumb/v6-m/nofp\libm.a
END GROUP
START GROUP
LOAD C:/ST/STM32CubeIDE_2.2.0/STM32CubeIDE/plugins/com.st.stm32cube.ide.mcu.externaltools.gnu-tools-for-stm32.14.3.rel1.win32_1.0.100.202602081740/tools/bin/../lib/gcc/arm-none-eabi/14.3.1/thumb/v6-m/nofp\libgcc.a
LOAD C:/ST/STM32CubeIDE_2.2.0/STM32CubeIDE/plugins/com.st.stm32cube.ide.mcu.externaltools.gnu-tools-for-stm32.14.3.rel1.win32_1.0.100.202602081740/tools/bin/../lib/gcc/arm-none-eabi/14.3.1/../../../../arm-none-eabi/lib/thumb/v6-m/nofp\libc_nano.a
END GROUP
START GROUP
LOAD C:/ST/STM32CubeIDE_2.2.0/STM32CubeIDE/plugins/com.st.stm32cube.ide.mcu.externaltools.gnu-tools-for-stm32.14.3.rel1.win32_1.0.100.202602081740/tools/bin/../lib/gcc/arm-none-eabi/14.3.1/thumb/v6-m/nofp\libgcc.a
LOAD C:/ST/STM32CubeIDE_2.2.0/STM32CubeIDE/plugins/com.st.stm32cube.ide.mcu.externaltools.gnu-tools-for-stm32.14.3.rel1.win32_1.0.100.202602081740/tools/bin/../lib/gcc/arm-none-eabi/14.3.1/../../../../arm-none-eabi/lib/thumb/v6-m/nofp\libc_nano.a
LOAD C:/ST/STM32CubeIDE_2.2.0/STM32CubeIDE/plugins/com.st.stm32cube.ide.mcu.externaltools.gnu-tools-for-stm32.14.3.rel1.win32_1.0.100.202602081740/tools/bin/../lib/gcc/arm-none-eabi/14.3.1/../../../../arm-none-eabi/lib/thumb/v6-m/nofp\libnosys.a
END GROUP
START GROUP
LOAD C:/ST/STM32CubeIDE_2.2.0/STM32CubeIDE/plugins/com.st.stm32cube.ide.mcu.externaltools.gnu-tools-for-stm32.14.3.rel1.win32_1.0.100.202602081740/tools/bin/../lib/gcc/arm-none-eabi/14.3.1/thumb/v6-m/nofp\libgcc.a
LOAD C:/ST/STM32CubeIDE_2.2.0/STM32CubeIDE/plugins/com.st.stm32cube.ide.mcu.externaltools.gnu-tools-for-stm32.14.3.rel1.win32_1.0.100.202602081740/tools/bin/../lib/gcc/arm-none-eabi/14.3.1/../../../../arm-none-eabi/lib/thumb/v6-m/nofp\libc_nano.a
LOAD C:/ST/STM32CubeIDE_2.2.0/STM32CubeIDE/plugins/com.st.stm32cube.ide.mcu.externaltools.gnu-tools-for-stm32.14.3.rel1.win32_1.0.100.202602081740/tools/bin/../lib/gcc/arm-none-eabi/14.3.1/../../../../arm-none-eabi/lib/thumb/v6-m/nofp\libnosys.a
END GROUP
LOAD C:/ST/STM32CubeIDE_2.2.0/STM32CubeIDE/plugins/com.st.stm32cube.ide.mcu.externaltools.gnu-tools-for-stm32.14.3.rel1.win32_1.0.100.202602081740/tools/bin/../lib/gcc/arm-none-eabi/14.3.1/thumb/v6-m/nofp/crtend.o
LOAD C:/ST/STM32CubeIDE_2.2.0/STM32CubeIDE/plugins/com.st.stm32cube.ide.mcu.externaltools.gnu-tools-for-stm32.14.3.rel1.win32_1.0.100.202602081740/tools/bin/../lib/gcc/arm-none-eabi/14.3.1/thumb/v6-m/nofp/crtn.o
                0x20024000                        _estack = (ORIGIN (RAM) + LENGTH (RAM))
                0x00000200                        _Min_Heap_Size = 0x200
                0x00000400                        _Min_Stack_Size = 0x400

.isr_vector     0x08000000       0xbc
                0x08000000                        . = ALIGN (0x4)
 *(.isr_vector)
 .isr_vector    0x08000000       0xbc ./Application/Startup/startup_stm32g0b1retx.o
                0x08000000                g_pfnVectors
                0x080000bc                        . = ALIGN (0x4)

.text           0x080000bc     0x2610
                0x080000bc                        . = ALIGN (0x4)
 *(.text)
 .text          0x080000bc       0x48 C:/ST/STM32CubeIDE_2.2.0/STM32CubeIDE/plugins/com.st.stm32cube.ide.mcu.externaltools.gnu-tools-for-stm32.14.3.rel1.win32_1.0.100.202602081740/tools/bin/../lib/gcc/arm-none-eabi/14.3.1/thumb/v6-m/nofp/crtbegin.o
 .text          0x08000104      0x114 C:/ST/STM32CubeIDE_2.2.0/STM32CubeIDE/plugins/com.st.stm32cube.ide.mcu.externaltools.gnu-tools-for-stm32.14.3.rel1.win32_1.0.100.202602081740/tools/bin/../lib/gcc/arm-none-eabi/14.3.1/thumb/v6-m/nofp\libgcc.a(_udivsi3.o)
                0x08000104                __aeabi_uidiv
                0x08000104                __udivsi3
                0x08000210                __aeabi_uidivmod
 .text          0x08000218        0x4 C:/ST/STM32CubeIDE_2.2.0/STM32CubeIDE/plugins/com.st.stm32cube.ide.mcu.externaltools.gnu-tools-for-stm32.14.3.rel1.win32_1.0.100.202602081740/tools/bin/../lib/gcc/arm-none-eabi/14.3.1/thumb/v6-m/nofp\libgcc.a(_dvmd_tls.o)
                0x08000218                __aeabi_idiv0
                0x08000218                __aeabi_ldiv0
 *(.text*)
 .text.Reset_Handler
                0x0800021c       0x50 ./Application/Startup/startup_stm32g0b1retx.o
                0x0800021c                Reset_Handler
 .text.Default_Handler
                0x0800026c        0x2 ./Application/Startup/startup_stm32g0b1retx.o
                0x0800026c                I2C2_3_IRQHandler
                0x0800026c                USART3_4_5_6_LPUART1_IRQHandler
                0x0800026c                TIM1_CC_IRQHandler
                0x0800026c                HardFault_Handler
                0x0800026c                ADC1_COMP_IRQHandler
                0x0800026c                PendSV_Handler
                0x0800026c                NMI_Handler
                0x0800026c                I2C1_IRQHandler
                0x0800026c                TIM7_LPTIM2_IRQHandler
                0x0800026c                TIM17_FDCAN_IT1_IRQHandler
                0x0800026c                DMA1_Ch4_7_DMA2_Ch1_5_DMAMUX1_OVR_IRQHandler
                0x0800026c                RCC_CRS_IRQHandler
                0x0800026c                SPI1_IRQHandler
                0x0800026c                USB_UCPD1_2_IRQHandler
                0x0800026c                EXTI2_3_IRQHandler
                0x0800026c                USART2_LPUART2_IRQHandler
                0x0800026c                PVD_VDDIO2_IRQHandler
                0x0800026c                EXTI4_15_IRQHandler
                0x0800026c                DMA1_Channel1_IRQHandler
                0x0800026c                Default_Handler
                0x0800026c                CEC_IRQHandler
                0x0800026c                TIM14_IRQHandler
                0x0800026c                TIM15_IRQHandler
                0x0800026c                TIM3_TIM4_IRQHandler
                0x0800026c                EXTI0_1_IRQHandler
                0x0800026c                SPI2_3_IRQHandler
                0x0800026c                SVC_Handler
                0x0800026c                TIM6_DAC_LPTIM1_IRQHandler
                0x0800026c                WWDG_IRQHandler
                0x0800026c                TIM2_IRQHandler
                0x0800026c                DMA1_Channel2_3_IRQHandler
                0x0800026c                FLASH_IRQHandler
                0x0800026c                USART1_IRQHandler
                0x0800026c                TIM16_FDCAN_IT0_IRQHandler
                0x0800026c                TIM1_BRK_UP_TRG_COM_IRQHandler
 *fill*         0x0800026e        0x2 
 .text.main     0x08000270       0x24 ./Application/User/main.o
                0x08000270                main
 .text.SystemClock_Config
                0x08000294       0xc2 ./Application/User/main.o
                0x08000294                SystemClock_Config
 *fill*         0x08000356        0x2 
 .text.MX_RTC_Init
                0x08000358      0x1e4 ./Application/User/main.o
 .text.HAL_RTC_AlarmAEventCallback
                0x0800053c       0x1c ./Application/User/main.o
                0x0800053c                HAL_RTC_AlarmAEventCallback
 .text.Error_Handler
                0x08000558       0x20 ./Application/User/main.o
                0x08000558                Error_Handler
 .text.HAL_MspInit
                0x08000578       0x50 ./Application/User/stm32g0xx_hal_msp.o
                0x08000578                HAL_MspInit
 .text.HAL_RTC_MspInit
                0x080005c8       0xac ./Application/User/stm32g0xx_hal_msp.o
                0x080005c8                HAL_RTC_MspInit
 .text.SysTick_Handler
                0x08000674        0xe ./Application/User/stm32g0xx_it.o
                0x08000674                SysTick_Handler
 *fill*         0x08000682        0x2 
 .text.RTC_TAMP_IRQHandler
                0x08000684       0x18 ./Application/User/stm32g0xx_it.o
                0x08000684                RTC_TAMP_IRQHandler
 .text.BSP_LED_Init
                0x0800069c       0x6c ./Drivers/BSP/STM32G0xx_Nucleo/stm32g0xx_nucleo.o
                0x0800069c                BSP_LED_Init
 .text.BSP_LED_On
                0x08000708       0x2c ./Drivers/BSP/STM32G0xx_Nucleo/stm32g0xx_nucleo.o
                0x08000708                BSP_LED_On
 .text.BSP_LED_Toggle
                0x08000734       0x2c ./Drivers/BSP/STM32G0xx_Nucleo/stm32g0xx_nucleo.o
                0x08000734                BSP_LED_Toggle
 .text.SystemInit
                0x08000760       0x18 ./Drivers/CMSIS/system_stm32g0xx.o
                0x08000760                SystemInit
 .text.HAL_Init
                0x08000778       0x40 ./Drivers/STM32G0xx_HAL_Driver/stm32g0xx_hal.o
                0x08000778                HAL_Init
 .text.HAL_InitTick
                0x080007b8       0x94 ./Drivers/STM32G0xx_HAL_Driver/stm32g0xx_hal.o
                0x080007b8                HAL_InitTick
 .text.HAL_IncTick
                0x0800084c       0x24 ./Drivers/STM32G0xx_HAL_Driver/stm32g0xx_hal.o
                0x0800084c                HAL_IncTick
 .text.HAL_GetTick
                0x08000870       0x14 ./Drivers/STM32G0xx_HAL_Driver/stm32g0xx_hal.o
                0x08000870                HAL_GetTick
 .text.HAL_Delay
                0x08000884       0x48 ./Drivers/STM32G0xx_HAL_Driver/stm32g0xx_hal.o
                0x08000884                HAL_Delay
 .text.HAL_SYSCFG_StrobeDBattpinsConfig
                0x080008cc       0x2c ./Drivers/STM32G0xx_HAL_Driver/stm32g0xx_hal.o
                0x080008cc                HAL_SYSCFG_StrobeDBattpinsConfig
 .text.__NVIC_EnableIRQ
                0x080008f8       0x34 ./Drivers/STM32G0xx_HAL_Driver/stm32g0xx_hal_cortex.o
 .text.__NVIC_SetPriority
                0x0800092c       0xdc ./Drivers/STM32G0xx_HAL_Driver/stm32g0xx_hal_cortex.o
 .text.SysTick_Config
                0x08000a08       0x48 ./Drivers/STM32G0xx_HAL_Driver/stm32g0xx_hal_cortex.o
 .text.HAL_NVIC_SetPriority
                0x08000a50       0x2a ./Drivers/STM32G0xx_HAL_Driver/stm32g0xx_hal_cortex.o
                0x08000a50                HAL_NVIC_SetPriority
 .text.HAL_NVIC_EnableIRQ
                0x08000a7a       0x20 ./Drivers/STM32G0xx_HAL_Driver/stm32g0xx_hal_cortex.o
                0x08000a7a                HAL_NVIC_EnableIRQ
 .text.HAL_SYSTICK_Config
                0x08000a9a       0x1a ./Drivers/STM32G0xx_HAL_Driver/stm32g0xx_hal_cortex.o
                0x08000a9a                HAL_SYSTICK_Config
 .text.HAL_GPIO_Init
                0x08000ab4      0x2d8 ./Drivers/STM32G0xx_HAL_Driver/stm32g0xx_hal_gpio.o
                0x08000ab4                HAL_GPIO_Init
 .text.HAL_GPIO_WritePin
                0x08000d8c       0x3a ./Drivers/STM32G0xx_HAL_Driver/stm32g0xx_hal_gpio.o
                0x08000d8c                HAL_GPIO_WritePin
 .text.HAL_GPIO_TogglePin
                0x08000dc6       0x36 ./Drivers/STM32G0xx_HAL_Driver/stm32g0xx_hal_gpio.o
                0x08000dc6                HAL_GPIO_TogglePin
 .text.HAL_PWR_EnableBkUpAccess
                0x08000dfc       0x1c ./Drivers/STM32G0xx_HAL_Driver/stm32g0xx_hal_pwr.o
                0x08000dfc                HAL_PWR_EnableBkUpAccess
 .text.HAL_PWR_EnterSTANDBYMode
                0x08000e18       0x34 ./Drivers/STM32G0xx_HAL_Driver/stm32g0xx_hal_pwr.o
                0x08000e18                HAL_PWR_EnterSTANDBYMode
 .text.HAL_PWREx_ControlVoltageScaling
                0x08000e4c       0x80 ./Drivers/STM32G0xx_HAL_Driver/stm32g0xx_hal_pwr_ex.o
                0x08000e4c                HAL_PWREx_ControlVoltageScaling
 .text.HAL_RCC_OscConfig
                0x08000ecc      0x6c0 ./Drivers/STM32G0xx_HAL_Driver/stm32g0xx_hal_rcc.o
                0x08000ecc                HAL_RCC_OscConfig
 .text.HAL_RCC_ClockConfig
                0x0800158c      0x210 ./Drivers/STM32G0xx_HAL_Driver/stm32g0xx_hal_rcc.o
                0x0800158c                HAL_RCC_ClockConfig
 .text.HAL_RCC_GetSysClockFreq
                0x0800179c      0x104 ./Drivers/STM32G0xx_HAL_Driver/stm32g0xx_hal_rcc.o
                0x0800179c                HAL_RCC_GetSysClockFreq
 .text.HAL_RCCEx_PeriphCLKConfig
                0x080018a0      0x478 ./Drivers/STM32G0xx_HAL_Driver/stm32g0xx_hal_rcc_ex.o
                0x080018a0                HAL_RCCEx_PeriphCLKConfig
 .text.HAL_RTC_Init
                0x08001d18      0x144 ./Drivers/STM32G0xx_HAL_Driver/stm32g0xx_hal_rtc.o
                0x08001d18                HAL_RTC_Init
 .text.HAL_RTC_SetTime
                0x08001e5c      0x150 ./Drivers/STM32G0xx_HAL_Driver/stm32g0xx_hal_rtc.o
                0x08001e5c                HAL_RTC_SetTime
 .text.HAL_RTC_SetDate
                0x08001fac      0x124 ./Drivers/STM32G0xx_HAL_Driver/stm32g0xx_hal_rtc.o
                0x08001fac                HAL_RTC_SetDate
 .text.HAL_RTC_GetDate
                0x080020d0       0x9c ./Drivers/STM32G0xx_HAL_Driver/stm32g0xx_hal_rtc.o
                0x080020d0                HAL_RTC_GetDate
 .text.HAL_RTC_SetAlarm_IT
                0x0800216c      0x280 ./Drivers/STM32G0xx_HAL_Driver/stm32g0xx_hal_rtc.o
                0x0800216c                HAL_RTC_SetAlarm_IT
 .text.HAL_RTC_AlarmIRQHandler
                0x080023ec       0x7c ./Drivers/STM32G0xx_HAL_Driver/stm32g0xx_hal_rtc.o
                0x080023ec                HAL_RTC_AlarmIRQHandler
 .text.HAL_RTC_WaitForSynchro
                0x08002468       0x4c ./Drivers/STM32G0xx_HAL_Driver/stm32g0xx_hal_rtc.o
                0x08002468                HAL_RTC_WaitForSynchro
 .text.RTC_EnterInitMode
                0x080024b4       0x84 ./Drivers/STM32G0xx_HAL_Driver/stm32g0xx_hal_rtc.o
                0x080024b4                RTC_EnterInitMode
 .text.RTC_ExitInitMode
                0x08002538       0x88 ./Drivers/STM32G0xx_HAL_Driver/stm32g0xx_hal_rtc.o
                0x08002538                RTC_ExitInitMode
 .text.RTC_ByteToBcd2
                0x080025c0       0x50 ./Drivers/STM32G0xx_HAL_Driver/stm32g0xx_hal_rtc.o
                0x080025c0                RTC_ByteToBcd2
 .text.RTC_Bcd2ToByte
                0x08002610       0x3a ./Drivers/STM32G0xx_HAL_Driver/stm32g0xx_hal_rtc.o
                0x08002610                RTC_Bcd2ToByte
 .text.HAL_RTCEx_AlarmBEventCallback
                0x0800264a       0x10 ./Drivers/STM32G0xx_HAL_Driver/stm32g0xx_hal_rtc_ex.o
                0x0800264a                HAL_RTCEx_AlarmBEventCallback
 .text.memset   0x0800265a       0x10 C:/ST/STM32CubeIDE_2.2.0/STM32CubeIDE/plugins/com.st.stm32cube.ide.mcu.externaltools.gnu-tools-for-stm32.14.3.rel1.win32_1.0.100.202602081740/tools/bin/../lib/gcc/arm-none-eabi/14.3.1/../../../../arm-none-eabi/lib/thumb/v6-m/nofp\libc_nano.a(libc_a-memset.o)
                0x0800265a                memset
 *fill*         0x0800266a        0x2 
 .text.__libc_init_array
                0x0800266c       0x48 C:/ST/STM32CubeIDE_2.2.0/STM32CubeIDE/plugins/com.st.stm32cube.ide.mcu.externaltools.gnu-tools-for-stm32.14.3.rel1.win32_1.0.100.202602081740/tools/bin/../lib/gcc/arm-none-eabi/14.3.1/../../../../arm-none-eabi/lib/thumb/v6-m/nofp\libc_nano.a(libc_a-init.o)
                0x0800266c                __libc_init_array
 *(.glue_7)
 .glue_7        0x080026b4        0x0 linker stubs
 *(.glue_7t)
 .glue_7t       0x080026b4        0x0 linker stubs
 *(.eh_frame)
 .eh_frame      0x080026b4        0x0 C:/ST/STM32CubeIDE_2.2.0/STM32CubeIDE/plugins/com.st.stm32cube.ide.mcu.externaltools.gnu-tools-for-stm32.14.3.rel1.win32_1.0.100.202602081740/tools/bin/../lib/gcc/arm-none-eabi/14.3.1/thumb/v6-m/nofp/crtbegin.o
 *(.init)
 .init          0x080026b4        0x4 C:/ST/STM32CubeIDE_2.2.0/STM32CubeIDE/plugins/com.st.stm32cube.ide.mcu.externaltools.gnu-tools-for-stm32.14.3.rel1.win32_1.0.100.202602081740/tools/bin/../lib/gcc/arm-none-eabi/14.3.1/thumb/v6-m/nofp/crti.o
                0x080026b4                _init
 .init          0x080026b8        0x8 C:/ST/STM32CubeIDE_2.2.0/STM32CubeIDE/plugins/com.st.stm32cube.ide.mcu.externaltools.gnu-tools-for-stm32.14.3.rel1.win32_1.0.100.202602081740/tools/bin/../lib/gcc/arm-none-eabi/14.3.1/thumb/v6-m/nofp/crtn.o
 *(.fini)
 .fini          0x080026c0        0x4 C:/ST/STM32CubeIDE_2.2.0/STM32CubeIDE/plugins/com.st.stm32cube.ide.mcu.externaltools.gnu-tools-for-stm32.14.3.rel1.win32_1.0.100.202602081740/tools/bin/../lib/gcc/arm-none-eabi/14.3.1/thumb/v6-m/nofp/crti.o
                0x080026c0                _fini
 .fini          0x080026c4        0x8 C:/ST/STM32CubeIDE_2.2.0/STM32CubeIDE/plugins/com.st.stm32cube.ide.mcu.externaltools.gnu-tools-for-stm32.14.3.rel1.win32_1.0.100.202602081740/tools/bin/../lib/gcc/arm-none-eabi/14.3.1/thumb/v6-m/nofp/crtn.o
                0x080026cc                        . = ALIGN (0x4)
                0x080026cc                        _etext = .

.vfp11_veneer   0x080026cc        0x0
 .vfp11_veneer  0x080026cc        0x0 linker stubs

.v4_bx          0x080026cc        0x0
 .v4_bx         0x080026cc        0x0 linker stubs

.iplt           0x080026cc        0x0
 .iplt          0x080026cc        0x0 C:/ST/STM32CubeIDE_2.2.0/STM32CubeIDE/plugins/com.st.stm32cube.ide.mcu.externaltools.gnu-tools-for-stm32.14.3.rel1.win32_1.0.100.202602081740/tools/bin/../lib/gcc/arm-none-eabi/14.3.1/thumb/v6-m/nofp/crtbegin.o

.rodata         0x080026cc       0x40
                0x080026cc                        . = ALIGN (0x4)
 *(.rodata)
 *(.rodata*)
 .rodata.AHBPrescTable
                0x080026cc       0x40 ./Drivers/CMSIS/system_stm32g0xx.o
                0x080026cc                AHBPrescTable
                0x0800270c                        . = ALIGN (0x4)

.ARM.extab      0x0800270c        0x0
                0x0800270c                        . = ALIGN (0x4)
 *(.ARM.extab* .gnu.linkonce.armextab.*)
                0x0800270c                        . = ALIGN (0x4)

.ARM            0x0800270c        0x0
                0x0800270c                        . = ALIGN (0x4)
                0x0800270c                        __exidx_start = .
 *(.ARM.exidx*)
                0x0800270c                        __exidx_end = .
                0x0800270c                        . = ALIGN (0x4)

.preinit_array  0x0800270c        0x0
                0x0800270c                        . = ALIGN (0x4)
                0x0800270c                        PROVIDE (__preinit_array_start = .)
 *(.preinit_array*)
                0x0800270c                        PROVIDE (__preinit_array_end = .)
                0x0800270c                        . = ALIGN (0x4)

.init_array     0x0800270c        0x4
                0x0800270c                        . = ALIGN (0x4)
                0x0800270c                        PROVIDE (__init_array_start = .)
 *(SORT_BY_NAME(.init_array.*))
 *(.init_array*)
 .init_array    0x0800270c        0x4 C:/ST/STM32CubeIDE_2.2.0/STM32CubeIDE/plugins/com.st.stm32cube.ide.mcu.externaltools.gnu-tools-for-stm32.14.3.rel1.win32_1.0.100.202602081740/tools/bin/../lib/gcc/arm-none-eabi/14.3.1/thumb/v6-m/nofp/crtbegin.o
                0x08002710                        PROVIDE (__init_array_end = .)
                0x08002710                        . = ALIGN (0x4)

.fini_array     0x08002710        0x4
                0x08002710                        . = ALIGN (0x4)
                [!provide]                        PROVIDE (__fini_array_start = .)
 *(SORT_BY_NAME(.fini_array.*))
 *(.fini_array*)
 .fini_array    0x08002710        0x4 C:/ST/STM32CubeIDE_2.2.0/STM32CubeIDE/plugins/com.st.stm32cube.ide.mcu.externaltools.gnu-tools-for-stm32.14.3.rel1.win32_1.0.100.202602081740/tools/bin/../lib/gcc/arm-none-eabi/14.3.1/thumb/v6-m/nofp/crtbegin.o
                [!provide]                        PROVIDE (__fini_array_end = .)
                0x08002714                        . = ALIGN (0x4)
                0x08002714                        _sidata = LOADADDR (.data)

.rel.dyn        0x08002714        0x0
 .rel.iplt      0x08002714        0x0 C:/ST/STM32CubeIDE_2.2.0/STM32CubeIDE/plugins/com.st.stm32cube.ide.mcu.externaltools.gnu-tools-for-stm32.14.3.rel1.win32_1.0.100.202602081740/tools/bin/../lib/gcc/arm-none-eabi/14.3.1/thumb/v6-m/nofp/crtbegin.o

.data           0x20000000       0x10 load address 0x08002714
                0x20000000                        . = ALIGN (0x4)
                0x20000000                        _sdata = .
 *(.data)
 *(.data*)
 .data.LED_PORT
                0x20000000        0x4 ./Drivers/BSP/STM32G0xx_Nucleo/stm32g0xx_nucleo.o
                0x20000000                LED_PORT
 .data.SystemCoreClock
                0x20000004        0x4 ./Drivers/CMSIS/system_stm32g0xx.o
                0x20000004                SystemCoreClock
 .data.uwTickPrio
                0x20000008        0x4 ./Drivers/STM32G0xx_HAL_Driver/stm32g0xx_hal.o
                0x20000008                uwTickPrio
 .data.uwTickFreq
                0x2000000c        0x1 ./Drivers/STM32G0xx_HAL_Driver/stm32g0xx_hal.o
                0x2000000c                uwTickFreq
                0x20000010                        . = ALIGN (0x4)
 *fill*         0x2000000d        0x3 
                0x20000010                        _edata = .

.igot.plt       0x20000010        0x0 load address 0x08002724
 .igot.plt      0x20000010        0x0 C:/ST/STM32CubeIDE_2.2.0/STM32CubeIDE/plugins/com.st.stm32cube.ide.mcu.externaltools.gnu-tools-for-stm32.14.3.rel1.win32_1.0.100.202602081740/tools/bin/../lib/gcc/arm-none-eabi/14.3.1/thumb/v6-m/nofp/crtbegin.o
                0x20000010                        . = ALIGN (0x4)

.bss            0x20000010       0x50 load address 0x08002724
                0x20000010                        _sbss = .
                0x20000010                        __bss_start__ = _sbss
 *(.bss)
 .bss           0x20000010       0x1c C:/ST/STM32CubeIDE_2.2.0/STM32CubeIDE/plugins/com.st.stm32cube.ide.mcu.externaltools.gnu-tools-for-stm32.14.3.rel1.win32_1.0.100.202602081740/tools/bin/../lib/gcc/arm-none-eabi/14.3.1/thumb/v6-m/nofp/crtbegin.o
 *(.bss*)
 .bss.hrtc      0x2000002c       0x2c ./Application/User/main.o
                0x2000002c                hrtc
 .bss.RTCStatus
                0x20000058        0x1 ./Application/User/main.o
                0x20000058                RTCStatus
 .bss.alarm_status
                0x20000059        0x1 ./Application/User/main.o
                0x20000059                alarm_status
 *fill*         0x2000005a        0x2 
 .bss.uwTick    0x2000005c        0x4 ./Drivers/STM32G0xx_HAL_Driver/stm32g0xx_hal.o
                0x2000005c                uwTick
 *(COMMON)
                0x20000060                        . = ALIGN (0x4)
                0x20000060                        _ebss = .
                0x20000060                        __bss_end__ = _ebss

._user_heap_stack
                0x20000060      0x600 load address 0x08002724
                0x20000060                        . = ALIGN (0x8)
                [!provide]                        PROVIDE (end = .)
                0x20000060                        PROVIDE (_end = .)
                0x20000260                        . = (. + _Min_Heap_Size)
 *fill*         0x20000060      0x200 
                0x20000660                        . = (. + _Min_Stack_Size)
 *fill*         0x20000260      0x400 
                0x20000660                        . = ALIGN (0x8)

/DISCARD/
 libc.a(*)
 libm.a(*)
 libgcc.a(*)

.ARM.attributes
                0x00000000       0x28
 *(.ARM.attributes)
 .ARM.attributes
                0x00000000       0x1e C:/ST/STM32CubeIDE_2.2.0/STM32CubeIDE/plugins/com.st.stm32cube.ide.mcu.externaltools.gnu-tools-for-stm32.14.3.rel1.win32_1.0.100.202602081740/tools/bin/../lib/gcc/arm-none-eabi/14.3.1/thumb/v6-m/nofp/crti.o
 .ARM.attributes
                0x0000001e       0x2c C:/ST/STM32CubeIDE_2.2.0/STM32CubeIDE/plugins/com.st.stm32cube.ide.mcu.externaltools.gnu-tools-for-stm32.14.3.rel1.win32_1.0.100.202602081740/tools/bin/../lib/gcc/arm-none-eabi/14.3.1/thumb/v6-m/nofp/crtbegin.o
 .ARM.attributes
                0x0000004a       0x22 ./Application/Startup/startup_stm32g0b1retx.o
 .ARM.attributes
                0x0000006c       0x2c ./Application/User/main.o
 .ARM.attributes
                0x00000098       0x2c ./Application/User/stm32g0xx_hal_msp.o
 .ARM.attributes
                0x000000c4       0x2c ./Application/User/stm32g0xx_it.o
 .ARM.attributes
                0x000000f0       0x2c ./Drivers/BSP/STM32G0xx_Nucleo/stm32g0xx_nucleo.o
 .ARM.attributes
                0x0000011c       0x2c ./Drivers/CMSIS/system_stm32g0xx.o
 .ARM.attributes
                0x00000148       0x2c ./Drivers/STM32G0xx_HAL_Driver/stm32g0xx_hal.o
 .ARM.attributes
                0x00000174       0x2c ./Drivers/STM32G0xx_HAL_Driver/stm32g0xx_hal_cortex.o
 .ARM.attributes
                0x000001a0       0x2c ./Drivers/STM32G0xx_HAL_Driver/stm32g0xx_hal_gpio.o
 .ARM.attributes
                0x000001cc       0x2c ./Drivers/STM32G0xx_HAL_Driver/stm32g0xx_hal_pwr.o
 .ARM.attributes
                0x000001f8       0x2c ./Drivers/STM32G0xx_HAL_Driver/stm32g0xx_hal_pwr_ex.o
 .ARM.attributes
                0x00000224       0x2c ./Drivers/STM32G0xx_HAL_Driver/stm32g0xx_hal_rcc.o
 .ARM.attributes
                0x00000250       0x2c ./Drivers/STM32G0xx_HAL_Driver/stm32g0xx_hal_rcc_ex.o
 .ARM.attributes
                0x0000027c       0x2c ./Drivers/STM32G0xx_HAL_Driver/stm32g0xx_hal_rtc.o
 .ARM.attributes
                0x000002a8       0x2c ./Drivers/STM32G0xx_HAL_Driver/stm32g0xx_hal_rtc_ex.o
 .ARM.attributes
                0x000002d4       0x2c C:/ST/STM32CubeIDE_2.2.0/STM32CubeIDE/plugins/com.st.stm32cube.ide.mcu.externaltools.gnu-tools-for-stm32.14.3.rel1.win32_1.0.100.202602081740/tools/bin/../lib/gcc/arm-none-eabi/14.3.1/../../../../arm-none-eabi/lib/thumb/v6-m/nofp\libc_nano.a(libc_a-memset.o)
 .ARM.attributes
                0x00000300       0x2c C:/ST/STM32CubeIDE_2.2.0/STM32CubeIDE/plugins/com.st.stm32cube.ide.mcu.externaltools.gnu-tools-for-stm32.14.3.rel1.win32_1.0.100.202602081740/tools/bin/../lib/gcc/arm-none-eabi/14.3.1/../../../../arm-none-eabi/lib/thumb/v6-m/nofp\libc_nano.a(libc_a-init.o)
 .ARM.attributes
                0x0000032c       0x1e C:/ST/STM32CubeIDE_2.2.0/STM32CubeIDE/plugins/com.st.stm32cube.ide.mcu.externaltools.gnu-tools-for-stm32.14.3.rel1.win32_1.0.100.202602081740/tools/bin/../lib/gcc/arm-none-eabi/14.3.1/thumb/v6-m/nofp\libgcc.a(_udivsi3.o)
 .ARM.attributes
                0x0000034a       0x1e C:/ST/STM32CubeIDE_2.2.0/STM32CubeIDE/plugins/com.st.stm32cube.ide.mcu.externaltools.gnu-tools-for-stm32.14.3.rel1.win32_1.0.100.202602081740/tools/bin/../lib/gcc/arm-none-eabi/14.3.1/thumb/v6-m/nofp\libgcc.a(_dvmd_tls.o)
 .ARM.attributes
                0x00000368       0x1e C:/ST/STM32CubeIDE_2.2.0/STM32CubeIDE/plugins/com.st.stm32cube.ide.mcu.externaltools.gnu-tools-for-stm32.14.3.rel1.win32_1.0.100.202602081740/tools/bin/../lib/gcc/arm-none-eabi/14.3.1/thumb/v6-m/nofp/crtn.o
OUTPUT(RTC_LowPower_STANDBY.elf elf32-littlearm)
LOAD linker stubs
LOAD C:/ST/STM32CubeIDE_2.2.0/STM32CubeIDE/plugins/com.st.stm32cube.ide.mcu.externaltools.gnu-tools-for-stm32.14.3.rel1.win32_1.0.100.202602081740/tools/bin/../lib/gcc/arm-none-eabi/14.3.1/../../../../arm-none-eabi/lib/thumb/v6-m/nofp\libc.a
LOAD C:/ST/STM32CubeIDE_2.2.0/STM32CubeIDE/plugins/com.st.stm32cube.ide.mcu.externaltools.gnu-tools-for-stm32.14.3.rel1.win32_1.0.100.202602081740/tools/bin/../lib/gcc/arm-none-eabi/14.3.1/../../../../arm-none-eabi/lib/thumb/v6-m/nofp\libm.a
LOAD C:/ST/STM32CubeIDE_2.2.0/STM32CubeIDE/plugins/com.st.stm32cube.ide.mcu.externaltools.gnu-tools-for-stm32.14.3.rel1.win32_1.0.100.202602081740/tools/bin/../lib/gcc/arm-none-eabi/14.3.1/thumb/v6-m/nofp\libgcc.a

.debug_line     0x00000000     0xad11
 .debug_line    0x00000000       0x7b ./Application/Startup/startup_stm32g0b1retx.o
 .debug_line    0x0000007b      0x99b ./Application/User/main.o
 .debug_line    0x00000a16      0x882 ./Application/User/stm32g0xx_hal_msp.o
 .debug_line    0x00001298      0x84b ./Application/User/stm32g0xx_it.o
 .debug_line    0x00001ae3      0x90a ./Drivers/BSP/STM32G0xx_Nucleo/stm32g0xx_nucleo.o
 .debug_line    0x000023ed      0x83c ./Drivers/CMSIS/system_stm32g0xx.o
 .debug_line    0x00002c29      0xb79 ./Drivers/STM32G0xx_HAL_Driver/stm32g0xx_hal.o
 .debug_line    0x000037a2      0xbdb ./Drivers/STM32G0xx_HAL_Driver/stm32g0xx_hal_cortex.o
 .debug_line    0x0000437d      0xbab ./Drivers/STM32G0xx_HAL_Driver/stm32g0xx_hal_gpio.o
 .debug_line    0x00004f28      0x8ec ./Drivers/STM32G0xx_HAL_Driver/stm32g0xx_hal_pwr.o
 .debug_line    0x00005814      0xc2e ./Drivers/STM32G0xx_HAL_Driver/stm32g0xx_hal_pwr_ex.o
 .debug_line    0x00006442     0x1080 ./Drivers/STM32G0xx_HAL_Driver/stm32g0xx_hal_rcc.o
 .debug_line    0x000074c2     0x1224 ./Drivers/STM32G0xx_HAL_Driver/stm32g0xx_hal_rcc_ex.o
 .debug_line    0x000086e6     0x1217 ./Drivers/STM32G0xx_HAL_Driver/stm32g0xx_hal_rtc.o
 .debug_line    0x000098fd     0x1414 ./Drivers/STM32G0xx_HAL_Driver/stm32g0xx_hal_rtc_ex.o

.debug_line_str
                0x00000000       0xaa
 .debug_line_str
                0x00000000       0xaa ./Application/Startup/startup_stm32g0b1retx.o

.debug_info     0x00000000     0x7f26
 .debug_info    0x00000000       0x30 ./Application/Startup/startup_stm32g0b1retx.o
 .debug_info    0x00000030      0xa14 ./Application/User/main.o
 .debug_info    0x00000a44      0x816 ./Application/User/stm32g0xx_hal_msp.o
 .debug_info    0x0000125a      0x38d ./Application/User/stm32g0xx_it.o
 .debug_info    0x000015e7      0x7cf ./Drivers/BSP/STM32G0xx_Nucleo/stm32g0xx_nucleo.o
 .debug_info    0x00001db6      0x3f4 ./Drivers/CMSIS/system_stm32g0xx.o
 .debug_info    0x000021aa      0xafa ./Drivers/STM32G0xx_HAL_Driver/stm32g0xx_hal.o
 .debug_info    0x00002ca4      0x8d9 ./Drivers/STM32G0xx_HAL_Driver/stm32g0xx_hal_cortex.o
 .debug_info    0x0000357d      0x5e8 ./Drivers/STM32G0xx_HAL_Driver/stm32g0xx_hal_gpio.o
 .debug_info    0x00003b65      0x5aa ./Drivers/STM32G0xx_HAL_Driver/stm32g0xx_hal_pwr.o
 .debug_info    0x0000410f      0x8c1 ./Drivers/STM32G0xx_HAL_Driver/stm32g0xx_hal_pwr_ex.o
 .debug_info    0x000049d0      0xbb4 ./Drivers/STM32G0xx_HAL_Driver/stm32g0xx_hal_rcc.o
 .debug_info    0x00005584      0xa59 ./Drivers/STM32G0xx_HAL_Driver/stm32g0xx_hal_rcc_ex.o
 .debug_info    0x00005fdd      0xca5 ./Drivers/STM32G0xx_HAL_Driver/stm32g0xx_hal_rtc.o
 .debug_info    0x00006c82     0x12a4 ./Drivers/STM32G0xx_HAL_Driver/stm32g0xx_hal_rtc_ex.o

.debug_abbrev   0x00000000     0x1c9e
 .debug_abbrev  0x00000000       0x24 ./Application/Startup/startup_stm32g0b1retx.o
 .debug_abbrev  0x00000024      0x21d ./Application/User/main.o
 .debug_abbrev  0x00000241      0x1d2 ./Application/User/stm32g0xx_hal_msp.o
 .debug_abbrev  0x00000413      0x159 ./Application/User/stm32g0xx_it.o
 .debug_abbrev  0x0000056c      0x23a ./Drivers/BSP/STM32G0xx_Nucleo/stm32g0xx_nucleo.o
 .debug_abbrev  0x000007a6      0x117 ./Drivers/CMSIS/system_stm32g0xx.o
 .debug_abbrev  0x000008bd      0x27f ./Drivers/STM32G0xx_HAL_Driver/stm32g0xx_hal.o
 .debug_abbrev  0x00000b3c      0x2ab ./Drivers/STM32G0xx_HAL_Driver/stm32g0xx_hal_cortex.o
 .debug_abbrev  0x00000de7      0x1c8 ./Drivers/STM32G0xx_HAL_Driver/stm32g0xx_hal_gpio.o
 .debug_abbrev  0x00000faf      0x172 ./Drivers/STM32G0xx_HAL_Driver/stm32g0xx_hal_pwr.o
 .debug_abbrev  0x00001121      0x23c ./Drivers/STM32G0xx_HAL_Driver/stm32g0xx_hal_pwr_ex.o
 .debug_abbrev  0x0000135d      0x2aa ./Drivers/STM32G0xx_HAL_Driver/stm32g0xx_hal_rcc.o
 .debug_abbrev  0x00001607      0x246 ./Drivers/STM32G0xx_HAL_Driver/stm32g0xx_hal_rcc_ex.o
 .debug_abbrev  0x0000184d      0x206 ./Drivers/STM32G0xx_HAL_Driver/stm32g0xx_hal_rtc.o
 .debug_abbrev  0x00001a53      0x24b ./Drivers/STM32G0xx_HAL_Driver/stm32g0xx_hal_rtc_ex.o

.debug_aranges  0x00000000      0x8e8
 .debug_aranges
                0x00000000       0x28 ./Application/Startup/startup_stm32g0b1retx.o
 .debug_aranges
                0x00000028       0x40 ./Application/User/main.o
 .debug_aranges
                0x00000068       0x30 ./Application/User/stm32g0xx_hal_msp.o
 .debug_aranges
                0x00000098       0x28 ./Application/User/stm32g0xx_it.o
 .debug_aranges
                0x000000c0       0x60 ./Drivers/BSP/STM32G0xx_Nucleo/stm32g0xx_nucleo.o
 .debug_aranges
                0x00000120       0x28 ./Drivers/CMSIS/system_stm32g0xx.o
 .debug_aranges
                0x00000148      0x130 ./Drivers/STM32G0xx_HAL_Driver/stm32g0xx_hal.o
 .debug_aranges
                0x00000278       0xe8 ./Drivers/STM32G0xx_HAL_Driver/stm32g0xx_hal_cortex.o
 .debug_aranges
                0x00000360       0x60 ./Drivers/STM32G0xx_HAL_Driver/stm32g0xx_hal_gpio.o
 .debug_aranges
                0x000003c0       0x78 ./Drivers/STM32G0xx_HAL_Driver/stm32g0xx_hal_pwr.o
 .debug_aranges
                0x00000438      0x128 ./Drivers/STM32G0xx_HAL_Driver/stm32g0xx_hal_pwr_ex.o
 .debug_aranges
                0x00000560       0xa0 ./Drivers/STM32G0xx_HAL_Driver/stm32g0xx_hal_rcc.o
 .debug_aranges
                0x00000600       0x88 ./Drivers/STM32G0xx_HAL_Driver/stm32g0xx_hal_rcc_ex.o
 .debug_aranges
                0x00000688       0xe8 ./Drivers/STM32G0xx_HAL_Driver/stm32g0xx_hal_rtc.o
 .debug_aranges
                0x00000770      0x178 ./Drivers/STM32G0xx_HAL_Driver/stm32g0xx_hal_rtc_ex.o

.debug_str      0x00000000    0xaeb68
 .debug_str     0x00000000    0xaeb68 ./Application/Startup/startup_stm32g0b1retx.o
                                 0xc6 (size before relaxing)
 .debug_str     0x000aeb68    0xac601 ./Application/User/main.o
 .debug_str     0x000aeb68    0xac763 ./Application/User/stm32g0xx_hal_msp.o
 .debug_str     0x000aeb68    0xac224 ./Application/User/stm32g0xx_it.o
 .debug_str     0x000aeb68    0xac6a5 ./Drivers/BSP/STM32G0xx_Nucleo/stm32g0xx_nucleo.o
 .debug_str     0x000aeb68    0xab5c4 ./Drivers/CMSIS/system_stm32g0xx.o
 .debug_str     0x000aeb68    0xabe2c ./Drivers/STM32G0xx_HAL_Driver/stm32g0xx_hal.o
 .debug_str     0x000aeb68    0xaba5d ./Drivers/STM32G0xx_HAL_Driver/stm32g0xx_hal_cortex.o
 .debug_str     0x000aeb68    0xab6af ./Drivers/STM32G0xx_HAL_Driver/stm32g0xx_hal_gpio.o
 .debug_str     0x000aeb68    0xab74d ./Drivers/STM32G0xx_HAL_Driver/stm32g0xx_hal_pwr.o
 .debug_str     0x000aeb68    0xabace ./Drivers/STM32G0xx_HAL_Driver/stm32g0xx_hal_pwr_ex.o
 .debug_str     0x000aeb68    0xabd18 ./Drivers/STM32G0xx_HAL_Driver/stm32g0xx_hal_rcc.o
 .debug_str     0x000aeb68    0xabba8 ./Drivers/STM32G0xx_HAL_Driver/stm32g0xx_hal_rcc_ex.o
 .debug_str     0x000aeb68    0xaba4e ./Drivers/STM32G0xx_HAL_Driver/stm32g0xx_hal_rtc.o
 .debug_str     0x000aeb68    0xabeba ./Drivers/STM32G0xx_HAL_Driver/stm32g0xx_hal_rtc_ex.o

.debug_rnglists
                0x00000000      0x69e
 .debug_rnglists
                0x00000000       0x19 ./Application/Startup/startup_stm32g0b1retx.o
 .debug_rnglists
                0x00000019       0x2d ./Application/User/main.o
 .debug_rnglists
                0x00000046       0x20 ./Application/User/stm32g0xx_hal_msp.o
 .debug_rnglists
                0x00000066       0x19 ./Application/User/stm32g0xx_it.o
 .debug_rnglists
                0x0000007f       0x44 ./Drivers/BSP/STM32G0xx_Nucleo/stm32g0xx_nucleo.o
 .debug_rnglists
                0x000000c3       0x1a ./Drivers/CMSIS/system_stm32g0xx.o
 .debug_rnglists
                0x000000dd       0xe0 ./Drivers/STM32G0xx_HAL_Driver/stm32g0xx_hal.o
 .debug_rnglists
                0x000001bd       0xaa ./Drivers/STM32G0xx_HAL_Driver/stm32g0xx_hal_cortex.o
 .debug_rnglists
                0x00000267       0x45 ./Drivers/STM32G0xx_HAL_Driver/stm32g0xx_hal_gpio.o
 .debug_rnglists
                0x000002ac       0x55 ./Drivers/STM32G0xx_HAL_Driver/stm32g0xx_hal_pwr.o
 .debug_rnglists
                0x00000301       0xe0 ./Drivers/STM32G0xx_HAL_Driver/stm32g0xx_hal_pwr_ex.o
 .debug_rnglists
                0x000003e1       0x79 ./Drivers/STM32G0xx_HAL_Driver/stm32g0xx_hal_rcc.o
 .debug_rnglists
                0x0000045a       0x69 ./Drivers/STM32G0xx_HAL_Driver/stm32g0xx_hal_rcc_ex.o
 .debug_rnglists
                0x000004c3       0xb5 ./Drivers/STM32G0xx_HAL_Driver/stm32g0xx_hal_rtc.o
 .debug_rnglists
                0x00000578      0x126 ./Drivers/STM32G0xx_HAL_Driver/stm32g0xx_hal_rtc_ex.o

.debug_macro    0x00000000    0x1b098
 .debug_macro   0x00000000      0x1e8 ./Application/User/main.o
 .debug_macro   0x000001e8      0xaae ./Application/User/main.o
 .debug_macro   0x00000c96      0x124 ./Application/User/main.o
 .debug_macro   0x00000dba       0x2e ./Application/User/main.o
 .debug_macro   0x00000de8       0x28 ./Application/User/main.o
 .debug_macro   0x00000e10       0x22 ./Application/User/main.o
 .debug_macro   0x00000e32       0x8e ./Application/User/main.o
 .debug_macro   0x00000ec0       0x51 ./Application/User/main.o
 .debug_macro   0x00000f11      0x103 ./Application/User/main.o
 .debug_macro   0x00001014       0x6a ./Application/User/main.o
 .debug_macro   0x0000107e      0x1df ./Application/User/main.o
 .debug_macro   0x0000125d       0x1c ./Application/User/main.o
 .debug_macro   0x00001279       0x22 ./Application/User/main.o
 .debug_macro   0x0000129b       0xd1 ./Application/User/main.o
 .debug_macro   0x0000136c      0x4da ./Application/User/main.o
 .debug_macro   0x00001846      0x11f ./Application/User/main.o
 .debug_macro   0x00001965     0xf46a ./Application/User/main.o
 .debug_macro   0x00010dcf       0x66 ./Application/User/main.o
 .debug_macro   0x00010e35     0x3527 ./Application/User/main.o
 .debug_macro   0x0001435c      0x190 ./Application/User/main.o
 .debug_macro   0x000144ec       0x5c ./Application/User/main.o
 .debug_macro   0x00014548      0x72c ./Application/User/main.o
 .debug_macro   0x00014c74     0x1579 ./Application/User/main.o
 .debug_macro   0x000161ed      0x535 ./Application/User/main.o
 .debug_macro   0x00016722      0x1cf ./Application/User/main.o
 .debug_macro   0x000168f1      0x25b ./Application/User/main.o
 .debug_macro   0x00016b4c      0x4f5 ./Application/User/main.o
 .debug_macro   0x00017041      0x280 ./Application/User/main.o
 .debug_macro   0x000172c1      0x417 ./Application/User/main.o
 .debug_macro   0x000176d8      0x1b2 ./Application/User/main.o
 .debug_macro   0x0001788a       0x43 ./Application/User/main.o
 .debug_macro   0x000178cd      0x1f1 ./Application/User/main.o
 .debug_macro   0x00017abe      0x1e4 ./Application/User/main.o
 .debug_macro   0x00017ca2      0x3f3 ./Application/User/main.o
 .debug_macro   0x00018095       0x28 ./Application/User/main.o
 .debug_macro   0x000180bd      0x123 ./Application/User/main.o
 .debug_macro   0x000181e0      0x145 ./Application/User/main.o
 .debug_macro   0x00018325      0x320 ./Application/User/main.o
 .debug_macro   0x00018645      0x328 ./Application/User/main.o
 .debug_macro   0x0001896d      0x447 ./Application/User/main.o
 .debug_macro   0x00018db4       0xf2 ./Application/User/main.o
 .debug_macro   0x00018ea6      0x5df ./Application/User/main.o
 .debug_macro   0x00019485      0x1a5 ./Application/User/main.o
 .debug_macro   0x0001962a       0x10 ./Application/User/main.o
 .debug_macro   0x0001963a      0x1e8 ./Application/User/stm32g0xx_hal_msp.o
 .debug_macro   0x00019822      0x1f2 ./Application/User/stm32g0xx_it.o
 .debug_macro   0x00019a14      0x209 ./Drivers/BSP/STM32G0xx_Nucleo/stm32g0xx_nucleo.o
 .debug_macro   0x00019c1d      0x19f ./Drivers/BSP/STM32G0xx_Nucleo/stm32g0xx_nucleo.o
 .debug_macro   0x00019dbc      0x1d6 ./Drivers/CMSIS/system_stm32g0xx.o
 .debug_macro   0x00019f92      0x1f4 ./Drivers/STM32G0xx_HAL_Driver/stm32g0xx_hal.o
 .debug_macro   0x0001a186      0x1d0 ./Drivers/STM32G0xx_HAL_Driver/stm32g0xx_hal_cortex.o
 .debug_macro   0x0001a356      0x1d7 ./Drivers/STM32G0xx_HAL_Driver/stm32g0xx_hal_gpio.o
 .debug_macro   0x0001a52d      0x1d0 ./Drivers/STM32G0xx_HAL_Driver/stm32g0xx_hal_pwr.o
 .debug_macro   0x0001a6fd      0x1fa ./Drivers/STM32G0xx_HAL_Driver/stm32g0xx_hal_pwr_ex.o
 .debug_macro   0x0001a8f7      0x218 ./Drivers/STM32G0xx_HAL_Driver/stm32g0xx_hal_rcc.o
 .debug_macro   0x0001ab0f      0x1e8 ./Drivers/STM32G0xx_HAL_Driver/stm32g0xx_hal_rcc_ex.o
 .debug_macro   0x0001acf7      0x1d1 ./Drivers/STM32G0xx_HAL_Driver/stm32g0xx_hal_rtc.o
 .debug_macro   0x0001aec8      0x1d0 ./Drivers/STM32G0xx_HAL_Driver/stm32g0xx_hal_rtc_ex.o

.comment        0x00000000       0x43
 .comment       0x00000000       0x43 ./Application/User/main.o
                                 0x44 (size before relaxing)
 .comment       0x00000043       0x44 ./Application/User/stm32g0xx_hal_msp.o
 .comment       0x00000043       0x44 ./Application/User/stm32g0xx_it.o
 .comment       0x00000043       0x44 ./Drivers/BSP/STM32G0xx_Nucleo/stm32g0xx_nucleo.o
 .comment       0x00000043       0x44 ./Drivers/CMSIS/system_stm32g0xx.o
 .comment       0x00000043       0x44 ./Drivers/STM32G0xx_HAL_Driver/stm32g0xx_hal.o
 .comment       0x00000043       0x44 ./Drivers/STM32G0xx_HAL_Driver/stm32g0xx_hal_cortex.o
 .comment       0x00000043       0x44 ./Drivers/STM32G0xx_HAL_Driver/stm32g0xx_hal_gpio.o
 .comment       0x00000043       0x44 ./Drivers/STM32G0xx_HAL_Driver/stm32g0xx_hal_pwr.o
 .comment       0x00000043       0x44 ./Drivers/STM32G0xx_HAL_Driver/stm32g0xx_hal_pwr_ex.o
 .comment       0x00000043       0x44 ./Drivers/STM32G0xx_HAL_Driver/stm32g0xx_hal_rcc.o
 .comment       0x00000043       0x44 ./Drivers/STM32G0xx_HAL_Driver/stm32g0xx_hal_rcc_ex.o
 .comment       0x00000043       0x44 ./Drivers/STM32G0xx_HAL_Driver/stm32g0xx_hal_rtc.o
 .comment       0x00000043       0x44 ./Drivers/STM32G0xx_HAL_Driver/stm32g0xx_hal_rtc_ex.o

.debug_frame    0x00000000     0x1e00
 .debug_frame   0x00000000       0xa8 ./Application/User/main.o
 .debug_frame   0x000000a8       0x70 ./Application/User/stm32g0xx_hal_msp.o
 .debug_frame   0x00000118       0x48 ./Application/User/stm32g0xx_it.o
 .debug_frame   0x00000160      0x12c ./Drivers/BSP/STM32G0xx_Nucleo/stm32g0xx_nucleo.o
 .debug_frame   0x0000028c       0x4c ./Drivers/CMSIS/system_stm32g0xx.o
 .debug_frame   0x000002d8      0x41c ./Drivers/STM32G0xx_HAL_Driver/stm32g0xx_hal.o
 .debug_frame   0x000006f4      0x33c ./Drivers/STM32G0xx_HAL_Driver/stm32g0xx_hal_cortex.o
 .debug_frame   0x00000a30      0x130 ./Drivers/STM32G0xx_HAL_Driver/stm32g0xx_hal_gpio.o
 .debug_frame   0x00000b60      0x170 ./Drivers/STM32G0xx_HAL_Driver/stm32g0xx_hal_pwr.o
 .debug_frame   0x00000cd0      0x3f4 ./Drivers/STM32G0xx_HAL_Driver/stm32g0xx_hal_pwr_ex.o
 .debug_frame   0x000010c4      0x214 ./Drivers/STM32G0xx_HAL_Driver/stm32g0xx_hal_rcc.o
 .debug_frame   0x000012d8      0x1c4 ./Drivers/STM32G0xx_HAL_Driver/stm32g0xx_hal_rcc_ex.o
 .debug_frame   0x0000149c      0x360 ./Drivers/STM32G0xx_HAL_Driver/stm32g0xx_hal_rtc.o
 .debug_frame   0x000017fc      0x598 ./Drivers/STM32G0xx_HAL_Driver/stm32g0xx_hal_rtc_ex.o
 .debug_frame   0x00001d94       0x20 C:/ST/STM32CubeIDE_2.2.0/STM32CubeIDE/plugins/com.st.stm32cube.ide.mcu.externaltools.gnu-tools-for-stm32.14.3.rel1.win32_1.0.100.202602081740/tools/bin/../lib/gcc/arm-none-eabi/14.3.1/../../../../arm-none-eabi/lib/thumb/v6-m/nofp\libc_nano.a(libc_a-memset.o)
 .debug_frame   0x00001db4       0x2c C:/ST/STM32CubeIDE_2.2.0/STM32CubeIDE/plugins/com.st.stm32cube.ide.mcu.externaltools.gnu-tools-for-stm32.14.3.rel1.win32_1.0.100.202602081740/tools/bin/../lib/gcc/arm-none-eabi/14.3.1/../../../../arm-none-eabi/lib/thumb/v6-m/nofp\libc_nano.a(libc_a-init.o)
 .debug_frame   0x00001de0       0x20 C:/ST/STM32CubeIDE_2.2.0/STM32CubeIDE/plugins/com.st.stm32cube.ide.mcu.externaltools.gnu-tools-for-stm32.14.3.rel1.win32_1.0.100.202602081740/tools/bin/../lib/gcc/arm-none-eabi/14.3.1/thumb/v6-m/nofp\libgcc.a(_udivsi3.o)
