C:/Temp/Development/ngv/ngv/STM32CubeG0-master/STM32CubeG0-master/Projects/NUCLEO-G0B1RE/Examples/GPIO/GPIO_IOToggle/Src/main.c:69:6:EXTI2_3_IRQHandler	1
C:/Temp/Development/ngv/ngv/STM32CubeG0-master/STM32CubeG0-master/Projects/NUCLEO-G0B1RE/Examples/GPIO/GPIO_IOToggle/Src/main.c:77:6:HAL_GPIO_EXTI_Callback	3
C:/Temp/Development/ngv/ngv/STM32CubeG0-master/STM32CubeG0-master/Projects/NUCLEO-G0B1RE/Examples/GPIO/GPIO_IOToggle/Src/main.c:93:13:EXTI2_3_IRQHandler_Config	1
C:/Temp/Development/ngv/ngv/STM32CubeG0-master/STM32CubeG0-master/Projects/NUCLEO-G0B1RE/Examples/GPIO/GPIO_IOToggle/Src/main.c:121:5:main	1
C:/Temp/Development/ngv/ngv/STM32CubeG0-master/STM32CubeG0-master/Projects/NUCLEO-G0B1RE/Examples/GPIO/GPIO_IOToggle/Src/main.c:196:6:SystemClock_Config	3
C:/Temp/Development/ngv/ngv/STM32CubeG0-master/STM32CubeG0-master/Projects/NUCLEO-G0B1RE/Examples/GPIO/GPIO_IOToggle/Src/main.c:245:6:Error_Handler	1
