C:/Temp/Development/ngv/ngv/STM32CubeG0-master/STM32CubeG0-master/Projects/NUCLEO-G0B1RE/Examples/GPIO/GPIO_IOToggle/Src/main.c:60:6:EXTI4_15_IRQHandler	8	static
C:/Temp/Development/ngv/ngv/STM32CubeG0-master/STM32CubeG0-master/Projects/NUCLEO-G0B1RE/Examples/GPIO/GPIO_IOToggle/Src/main.c:74:5:main	16	static
C:/Temp/Development/ngv/ngv/STM32CubeG0-master/STM32CubeG0-master/Projects/NUCLEO-G0B1RE/Examples/GPIO/GPIO_IOToggle/Src/main.c:149:6:SystemClock_Config	96	static
C:/Temp/Development/ngv/ngv/STM32CubeG0-master/STM32CubeG0-master/Projects/NUCLEO-G0B1RE/Examples/GPIO/GPIO_IOToggle/Src/main.c:200:13:EXTI4_15_IRQHandler_Config	32	static
C:/Temp/Development/ngv/ngv/STM32CubeG0-master/STM32CubeG0-master/Projects/NUCLEO-G0B1RE/Examples/GPIO/GPIO_IOToggle/Src/main.c:226:6:HAL_GPIO_EXTI_Falling_Callback	16	static
C:/Temp/Development/ngv/ngv/STM32CubeG0-master/STM32CubeG0-master/Projects/NUCLEO-G0B1RE/Examples/GPIO/GPIO_IOToggle/Src/main.c:243:6:Error_Handler	8	static
