C:/Temp/Development/ngv/ngv/STM32CubeG0-master/STM32CubeG0-master/Projects/NUCLEO-G0B1RE/Examples/GPIO/GPIO_IOToggle/Src/main.c:69:6:EXTI2_3_IRQHandler	8	static
C:/Temp/Development/ngv/ngv/STM32CubeG0-master/STM32CubeG0-master/Projects/NUCLEO-G0B1RE/Examples/GPIO/GPIO_IOToggle/Src/main.c:77:6:HAL_GPIO_EXTI_Callback	24	static
C:/Temp/Development/ngv/ngv/STM32CubeG0-master/STM32CubeG0-master/Projects/NUCLEO-G0B1RE/Examples/GPIO/GPIO_IOToggle/Src/main.c:93:13:EXTI2_3_IRQHandler_Config	32	static
C:/Temp/Development/ngv/ngv/STM32CubeG0-master/STM32CubeG0-master/Projects/NUCLEO-G0B1RE/Examples/GPIO/GPIO_IOToggle/Src/main.c:121:5:main	16	static
C:/Temp/Development/ngv/ngv/STM32CubeG0-master/STM32CubeG0-master/Projects/NUCLEO-G0B1RE/Examples/GPIO/GPIO_IOToggle/Src/main.c:196:6:SystemClock_Config	96	static
C:/Temp/Development/ngv/ngv/STM32CubeG0-master/STM32CubeG0-master/Projects/NUCLEO-G0B1RE/Examples/GPIO/GPIO_IOToggle/Src/main.c:245:6:Error_Handler	8	static
