Archive member included to satisfy reference by file (symbol)

C:/ST/STM32CubeIDE_2.2.0/STM32CubeIDE/plugins/com.st.stm32cube.ide.mcu.externaltools.gnu-tools-for-stm32.14.3.rel1.win32_1.0.100.202602081740/tools/bin/../lib/gcc/arm-none-eabi/14.3.1/../../../../arm-none-eabi/lib/thumb/v6-m/nofp\libc_nano.a(libc_a-exit.o)
                              C:/ST/STM32CubeIDE_2.2.0/STM32CubeIDE/plugins/com.st.stm32cube.ide.mcu.externaltools.gnu-tools-for-stm32.14.3.rel1.win32_1.0.100.202602081740/tools/bin/../lib/gcc/arm-none-eabi/14.3.1/../../../../arm-none-eabi/lib/thumb/v6-m/nofp/crt0.o (exit)
C:/ST/STM32CubeIDE_2.2.0/STM32CubeIDE/plugins/com.st.stm32cube.ide.mcu.externaltools.gnu-tools-for-stm32.14.3.rel1.win32_1.0.100.202602081740/tools/bin/../lib/gcc/arm-none-eabi/14.3.1/../../../../arm-none-eabi/lib/thumb/v6-m/nofp\libc_nano.a(libc_a-findfp.o)
                              C:/ST/STM32CubeIDE_2.2.0/STM32CubeIDE/plugins/com.st.stm32cube.ide.mcu.externaltools.gnu-tools-for-stm32.14.3.rel1.win32_1.0.100.202602081740/tools/bin/../lib/gcc/arm-none-eabi/14.3.1/../../../../arm-none-eabi/lib/thumb/v6-m/nofp\libc_nano.a(libc_a-exit.o) (__stdio_exit_handler)
C:/ST/STM32CubeIDE_2.2.0/STM32CubeIDE/plugins/com.st.stm32cube.ide.mcu.externaltools.gnu-tools-for-stm32.14.3.rel1.win32_1.0.100.202602081740/tools/bin/../lib/gcc/arm-none-eabi/14.3.1/../../../../arm-none-eabi/lib/thumb/v6-m/nofp\libc_nano.a(libc_a-fwalk.o)
                              C:/ST/STM32CubeIDE_2.2.0/STM32CubeIDE/plugins/com.st.stm32cube.ide.mcu.externaltools.gnu-tools-for-stm32.14.3.rel1.win32_1.0.100.202602081740/tools/bin/../lib/gcc/arm-none-eabi/14.3.1/../../../../arm-none-eabi/lib/thumb/v6-m/nofp\libc_nano.a(libc_a-findfp.o) (_fwalk_sglue)
C:/ST/STM32CubeIDE_2.2.0/STM32CubeIDE/plugins/com.st.stm32cube.ide.mcu.externaltools.gnu-tools-for-stm32.14.3.rel1.win32_1.0.100.202602081740/tools/bin/../lib/gcc/arm-none-eabi/14.3.1/../../../../arm-none-eabi/lib/thumb/v6-m/nofp\libc_nano.a(libc_a-stdio.o)
                              C:/ST/STM32CubeIDE_2.2.0/STM32CubeIDE/plugins/com.st.stm32cube.ide.mcu.externaltools.gnu-tools-for-stm32.14.3.rel1.win32_1.0.100.202602081740/tools/bin/../lib/gcc/arm-none-eabi/14.3.1/../../../../arm-none-eabi/lib/thumb/v6-m/nofp\libc_nano.a(libc_a-findfp.o) (__sread)
C:/ST/STM32CubeIDE_2.2.0/STM32CubeIDE/plugins/com.st.stm32cube.ide.mcu.externaltools.gnu-tools-for-stm32.14.3.rel1.win32_1.0.100.202602081740/tools/bin/../lib/gcc/arm-none-eabi/14.3.1/../../../../arm-none-eabi/lib/thumb/v6-m/nofp\libc_nano.a(libc_a-memset.o)
                              C:/ST/STM32CubeIDE_2.2.0/STM32CubeIDE/plugins/com.st.stm32cube.ide.mcu.externaltools.gnu-tools-for-stm32.14.3.rel1.win32_1.0.100.202602081740/tools/bin/../lib/gcc/arm-none-eabi/14.3.1/../../../../arm-none-eabi/lib/thumb/v6-m/nofp/crt0.o (memset)
C:/ST/STM32CubeIDE_2.2.0/STM32CubeIDE/plugins/com.st.stm32cube.ide.mcu.externaltools.gnu-tools-for-stm32.14.3.rel1.win32_1.0.100.202602081740/tools/bin/../lib/gcc/arm-none-eabi/14.3.1/../../../../arm-none-eabi/lib/thumb/v6-m/nofp\libc_nano.a(libc_a-closer.o)
                              C:/ST/STM32CubeIDE_2.2.0/STM32CubeIDE/plugins/com.st.stm32cube.ide.mcu.externaltools.gnu-tools-for-stm32.14.3.rel1.win32_1.0.100.202602081740/tools/bin/../lib/gcc/arm-none-eabi/14.3.1/../../../../arm-none-eabi/lib/thumb/v6-m/nofp\libc_nano.a(libc_a-stdio.o) (_close_r)
C:/ST/STM32CubeIDE_2.2.0/STM32CubeIDE/plugins/com.st.stm32cube.ide.mcu.externaltools.gnu-tools-for-stm32.14.3.rel1.win32_1.0.100.202602081740/tools/bin/../lib/gcc/arm-none-eabi/14.3.1/../../../../arm-none-eabi/lib/thumb/v6-m/nofp\libc_nano.a(libc_a-reent.o)
                              C:/ST/STM32CubeIDE_2.2.0/STM32CubeIDE/plugins/com.st.stm32cube.ide.mcu.externaltools.gnu-tools-for-stm32.14.3.rel1.win32_1.0.100.202602081740/tools/bin/../lib/gcc/arm-none-eabi/14.3.1/../../../../arm-none-eabi/lib/thumb/v6-m/nofp\libc_nano.a(libc_a-closer.o) (errno)
C:/ST/STM32CubeIDE_2.2.0/STM32CubeIDE/plugins/com.st.stm32cube.ide.mcu.externaltools.gnu-tools-for-stm32.14.3.rel1.win32_1.0.100.202602081740/tools/bin/../lib/gcc/arm-none-eabi/14.3.1/../../../../arm-none-eabi/lib/thumb/v6-m/nofp\libc_nano.a(libc_a-impure.o)
                              C:/ST/STM32CubeIDE_2.2.0/STM32CubeIDE/plugins/com.st.stm32cube.ide.mcu.externaltools.gnu-tools-for-stm32.14.3.rel1.win32_1.0.100.202602081740/tools/bin/../lib/gcc/arm-none-eabi/14.3.1/../../../../arm-none-eabi/lib/thumb/v6-m/nofp\libc_nano.a(libc_a-reent.o) (_impure_ptr)
C:/ST/STM32CubeIDE_2.2.0/STM32CubeIDE/plugins/com.st.stm32cube.ide.mcu.externaltools.gnu-tools-for-stm32.14.3.rel1.win32_1.0.100.202602081740/tools/bin/../lib/gcc/arm-none-eabi/14.3.1/../../../../arm-none-eabi/lib/thumb/v6-m/nofp\libc_nano.a(libc_a-lseekr.o)
[...]
Memory Configuration

Name             Origin             Length             Attributes
RAM              0x20000000         0x00024000         xrw
FLASH            0x08000000         0x00080000         xr
*default*        0x00000000         0xffffffff

Linker script and memory map

LOAD C:/ST/STM32CubeIDE_2.2.0/STM32CubeIDE/plugins/com.st.stm32cube.ide.mcu.externaltools.gnu-tools-for-stm32.14.3.rel1.win32_1.0.100.202602081740/tools/bin/../lib/gcc/arm-none-eabi/14.3.1/thumb/v6-m/nofp/crti.o
LOAD C:/ST/STM32CubeIDE_2.2.0/STM32CubeIDE/plugins/com.st.stm32cube.ide.mcu.externaltools.gnu-tools-for-stm32.14.3.rel1.win32_1.0.100.202602081740/tools/bin/../lib/gcc/arm-none-eabi/14.3.1/thumb/v6-m/nofp/crtbegin.o
LOAD C:/ST/STM32CubeIDE_2.2.0/STM32CubeIDE/plugins/com.st.stm32cube.ide.mcu.externaltools.gnu-tools-for-stm32.14.3.rel1.win32_1.0.100.202602081740/tools/bin/../lib/gcc/arm-none-eabi/14.3.1/../../../../arm-none-eabi/lib/thumb/v6-m/nofp/crt0.o
LOAD ./Application/Startup/startup_stm32g0b1retx.o
LOAD ./Application/User/main.o
LOAD ./Application/User/stm32g0xx_hal_msp.o
LOAD ./Application/User/stm32g0xx_it.o
LOAD ./Application/User/syscalls.o
LOAD ./Application/User/sysmem.o
LOAD ./Drivers/BSP/STM32G0xx_Nucleo/stm32g0xx_nucleo.o
LOAD ./Drivers/CMSIS/system_stm32g0xx.o
LOAD ./Drivers/STM32G0xx_HAL_Driver/stm32g0xx_hal.o
LOAD ./Drivers/STM32G0xx_HAL_Driver/stm32g0xx_hal_cortex.o
LOAD ./Drivers/STM32G0xx_HAL_Driver/stm32g0xx_hal_dac.o
LOAD ./Drivers/STM32G0xx_HAL_Driver/stm32g0xx_hal_dac_ex.o
LOAD ./Drivers/STM32G0xx_HAL_Driver/stm32g0xx_hal_dma.o
LOAD ./Drivers/STM32G0xx_HAL_Driver/stm32g0xx_hal_dma_ex.o
LOAD ./Drivers/STM32G0xx_HAL_Driver/stm32g0xx_hal_exti.o
LOAD ./Drivers/STM32G0xx_HAL_Driver/stm32g0xx_hal_flash.o
LOAD ./Drivers/STM32G0xx_HAL_Driver/stm32g0xx_hal_flash_ex.o
LOAD ./Drivers/STM32G0xx_HAL_Driver/stm32g0xx_hal_gpio.o
LOAD ./Drivers/STM32G0xx_HAL_Driver/stm32g0xx_hal_pwr.o
LOAD ./Drivers/STM32G0xx_HAL_Driver/stm32g0xx_hal_pwr_ex.o
LOAD ./Drivers/STM32G0xx_HAL_Driver/stm32g0xx_hal_rcc.o
LOAD ./Drivers/STM32G0xx_HAL_Driver/stm32g0xx_hal_rcc_ex.o
LOAD ./Drivers/STM32G0xx_HAL_Driver/stm32g0xx_hal_tim.o
LOAD ./Drivers/STM32G0xx_HAL_Driver/stm32g0xx_hal_tim_ex.o
LOAD ./Drivers/STM32G0xx_HAL_Driver/stm32g0xx_ll_dma.o
LOAD ./Drivers/STM32G0xx_HAL_Driver/stm32g0xx_ll_rcc.o
START GROUP
LOAD C:/ST/STM32CubeIDE_2.2.0/STM32CubeIDE/plugins/com.st.stm32cube.ide.mcu.externaltools.gnu-tools-for-stm32.14.3.rel1.win32_1.0.100.202602081740/tools/bin/../lib/gcc/arm-none-eabi/14.3.1/../../../../arm-none-eabi/lib/thumb/v6-m/nofp\libc_nano.a
LOAD C:/ST/STM32CubeIDE_2.2.0/STM32CubeIDE/plugins/com.st.stm32cube.ide.mcu.externaltools.gnu-tools-for-stm32.14.3.rel1.win32_1.0.100.202602081740/tools/bin/../lib/gcc/arm-none-eabi/14.3.1/../../../../arm-none-eabi/lib/thumb/v6-m/nofp\libm.a
END GROUP
START GROUP
LOAD C:/ST/STM32CubeIDE_2.2.0/STM32CubeIDE/plugins/com.st.stm32cube.ide.mcu.externaltools.gnu-tools-for-stm32.14.3.rel1.win32_1.0.100.202602081740/tools/bin/../lib/gcc/arm-none-eabi/14.3.1/thumb/v6-m/nofp\libgcc.a
LOAD C:/ST/STM32CubeIDE_2.2.0/STM32CubeIDE/plugins/com.st.stm32cube.ide.mcu.externaltools.gnu-tools-for-stm32.14.3.rel1.win32_1.0.100.202602081740/tools/bin/../lib/gcc/arm-none-eabi/14.3.1/../../../../arm-none-eabi/lib/thumb/v6-m/nofp\libc_nano.a
END GROUP
START GROUP
LOAD C:/ST/STM32CubeIDE_2.2.0/STM32CubeIDE/plugins/com.st.stm32cube.ide.mcu.externaltools.gnu-tools-for-stm32.14.3.rel1.win32_1.0.100.202602081740/tools/bin/../lib/gcc/arm-none-eabi/14.3.1/thumb/v6-m/nofp\libgcc.a
LOAD C:/ST/STM32CubeIDE_2.2.0/STM32CubeIDE/plugins/com.st.stm32cube.ide.mcu.externaltools.gnu-tools-for-stm32.14.3.rel1.win32_1.0.100.202602081740/tools/bin/../lib/gcc/arm-none-eabi/14.3.1/../../../../arm-none-eabi/lib/thumb/v6-m/nofp\libc_nano.a
LOAD C:/ST/STM32CubeIDE_2.2.0/STM32CubeIDE/plugins/com.st.stm32cube.ide.mcu.externaltools.gnu-tools-for-stm32.14.3.rel1.win32_1.0.100.202602081740/tools/bin/../lib/gcc/arm-none-eabi/14.3.1/../../../../arm-none-eabi/lib/thumb/v6-m/nofp\libnosys.a
END GROUP
START GROUP
LOAD C:/ST/STM32CubeIDE_2.2.0/STM32CubeIDE/plugins/com.st.stm32cube.ide.mcu.externaltools.gnu-tools-for-stm32.14.3.rel1.win32_1.0.100.202602081740/tools/bin/../lib/gcc/arm-none-eabi/14.3.1/thumb/v6-m/nofp\libgcc.a
LOAD C:/ST/STM32CubeIDE_2.2.0/STM32CubeIDE/plugins/com.st.stm32cube.ide.mcu.externaltools.gnu-tools-for-stm32.14.3.rel1.win32_1.0.100.202602081740/tools/bin/../lib/gcc/arm-none-eabi/14.3.1/../../../../arm-none-eabi/lib/thumb/v6-m/nofp\libc_nano.a
LOAD C:/ST/STM32CubeIDE_2.2.0/STM32CubeIDE/plugins/com.st.stm32cube.ide.mcu.externaltools.gnu-tools-for-stm32.14.3.rel1.win32_1.0.100.202602081740/tools/bin/../lib/gcc/arm-none-eabi/14.3.1/../../../../arm-none-eabi/lib/thumb/v6-m/nofp\libnosys.a
END GROUP
LOAD C:/ST/STM32CubeIDE_2.2.0/STM32CubeIDE/plugins/com.st.stm32cube.ide.mcu.externaltools.gnu-tools-for-stm32.14.3.rel1.win32_1.0.100.202602081740/tools/bin/../lib/gcc/arm-none-eabi/14.3.1/thumb/v6-m/nofp/crtend.o
LOAD C:/ST/STM32CubeIDE_2.2.0/STM32CubeIDE/plugins/com.st.stm32cube.ide.mcu.externaltools.gnu-tools-for-stm32.14.3.rel1.win32_1.0.100.202602081740/tools/bin/../lib/gcc/arm-none-eabi/14.3.1/thumb/v6-m/nofp/crtn.o
                0x20024000                        _estack = (ORIGIN (RAM) + LENGTH (RAM))
                0x00000200                        _Min_Heap_Size = 0x200
                0x00000400                        _Min_Stack_Size = 0x400

.isr_vector     0x08000000       0xbc
                0x08000000                        . = ALIGN (0x4)
 *(.isr_vector)
 .isr_vector    0x08000000       0xbc ./Application/Startup/startup_stm32g0b1retx.o
                0x08000000                g_pfnVectors
                0x080000bc                        . = ALIGN (0x4)

.text           0x080000bc     0x34e4
                0x080000bc                        . = ALIGN (0x4)
 *(.text)
 .text          0x080000bc       0x48 C:/ST/STM32CubeIDE_2.2.0/STM32CubeIDE/plugins/com.st.stm32cube.ide.mcu.externaltools.gnu-tools-for-stm32.14.3.rel1.win32_1.0.100.202602081740/tools/bin/../lib/gcc/arm-none-eabi/14.3.1/thumb/v6-m/nofp/crtbegin.o
 .text          0x08000104      0x114 C:/ST/STM32CubeIDE_2.2.0/STM32CubeIDE/plugins/com.st.stm32cube.ide.mcu.externaltools.gnu-tools-for-stm32.14.3.rel1.win32_1.0.100.202602081740/tools/bin/../lib/gcc/arm-none-eabi/14.3.1/thumb/v6-m/nofp\libgcc.a(_udivsi3.o)
                0x08000104                __aeabi_uidiv
                0x08000104                __udivsi3
                0x08000210                __aeabi_uidivmod
 .text          0x08000218        0x4 C:/ST/STM32CubeIDE_2.2.0/STM32CubeIDE/plugins/com.st.stm32cube.ide.mcu.externaltools.gnu-tools-for-stm32.14.3.rel1.win32_1.0.100.202602081740/tools/bin/../lib/gcc/arm-none-eabi/14.3.1/thumb/v6-m/nofp\libgcc.a(_dvmd_tls.o)
                0x08000218                __aeabi_idiv0
                0x08000218                __aeabi_ldiv0
 *(.text*)
 .text.Reset_Handler
                0x0800021c       0x50 ./Application/Startup/startup_stm32g0b1retx.o
                0x0800021c                Reset_Handler
 .text.Default_Handler
                0x0800026c        0x2 ./Application/Startup/startup_stm32g0b1retx.o
                0x0800026c                I2C2_3_IRQHandler
                0x0800026c                USART3_4_5_6_LPUART1_IRQHandler
                0x0800026c                TIM1_CC_IRQHandler
                0x0800026c                HardFault_Handler
                0x0800026c                ADC1_COMP_IRQHandler
                0x0800026c                NMI_Handler
                0x0800026c                I2C1_IRQHandler
                0x0800026c                TIM7_LPTIM2_IRQHandler
                0x0800026c                TIM17_FDCAN_IT1_IRQHandler
                0x0800026c                DMA1_Ch4_7_DMA2_Ch1_5_DMAMUX1_OVR_IRQHandler
                0x0800026c                RCC_CRS_IRQHandler
                0x0800026c                RTC_TAMP_IRQHandler
                0x0800026c                SPI1_IRQHandler
                0x0800026c                USB_UCPD1_2_IRQHandler
                0x0800026c                EXTI2_3_IRQHandler
                0x0800026c                USART2_LPUART2_IRQHandler
                0x0800026c                PVD_VDDIO2_IRQHandler
                0x0800026c                DMA1_Channel1_IRQHandler
                0x0800026c                Default_Handler
                0x0800026c                CEC_IRQHandler
                0x0800026c                TIM14_IRQHandler
                0x0800026c                TIM15_IRQHandler
                0x0800026c                TIM3_TIM4_IRQHandler
                0x0800026c                EXTI0_1_IRQHandler
                0x0800026c                SPI2_3_IRQHandler
                0x0800026c                TIM6_DAC_LPTIM1_IRQHandler
                0x0800026c                WWDG_IRQHandler
                0x0800026c                TIM2_IRQHandler
                0x0800026c                FLASH_IRQHandler
                0x0800026c                USART1_IRQHandler
                0x0800026c                TIM16_FDCAN_IT0_IRQHandler
                0x0800026c                TIM1_BRK_UP_TRG_COM_IRQHandler
 *fill*         0x0800026e        0x2 
 .text.main     0x08000270       0x70 ./Application/User/main.o
                0x08000270                main
 .text.SystemClock_Config
                0x080002e0       0xbc ./Application/User/main.o
                0x080002e0                SystemClock_Config
 .text.MX_DAC1_Init
                0x0800039c       0x6c ./Application/User/main.o
 .text.MX_TIM1_Init
                0x08000408       0xb8 ./Application/User/main.o
 .text.MX_DMA_Init
                0x080004c0       0x3c ./Application/User/main.o
 .text.MX_GPIO_Init
                0x080004fc       0x2c ./Application/User/main.o
 .text.DAC_Ch1_EscalatorConfig
                0x08000528       0x3c ./Application/User/main.o
 .text.DAC_Ch1_TriangleConfig
                0x08000564       0x5c ./Application/User/main.o
 .text.HAL_GPIO_EXTI_Falling_Callback
                0x080005c0       0x34 ./Application/User/main.o
                0x080005c0                HAL_GPIO_EXTI_Falling_Callback
 .text.Error_Handler
                0x080005f4       0x18 ./Application/User/main.o
                0x080005f4                Error_Handler
 .text.HAL_MspInit
                0x0800060c       0x50 ./Application/User/stm32g0xx_hal_msp.o
                0x0800060c                HAL_MspInit
 .text.HAL_DAC_MspInit
                0x0800065c       0xe0 ./Application/User/stm32g0xx_hal_msp.o
                0x0800065c                HAL_DAC_MspInit
 .text.HAL_DAC_MspDeInit
                0x0800073c       0x48 ./Application/User/stm32g0xx_hal_msp.o
                0x0800073c                HAL_DAC_MspDeInit
 .text.HAL_TIM_Base_MspInit
                0x08000784       0x6c ./Application/User/stm32g0xx_hal_msp.o
                0x08000784                HAL_TIM_Base_MspInit
 .text.SVC_Handler
                0x080007f0        0xa ./Application/User/stm32g0xx_it.o
                0x080007f0                SVC_Handler
 .text.PendSV_Handler
                0x080007fa        0xa ./Application/User/stm32g0xx_it.o
                0x080007fa                PendSV_Handler
 .text.SysTick_Handler
                0x08000804        0xe ./Application/User/stm32g0xx_it.o
                0x08000804                SysTick_Handler
 *fill*         0x08000812        0x2 
 .text.DMA1_Channel2_3_IRQHandler
                0x08000814       0x18 ./Application/User/stm32g0xx_it.o
                0x08000814                DMA1_Channel2_3_IRQHandler
 .text.EXTI4_15_IRQHandler
                0x0800082c       0x14 ./Application/User/stm32g0xx_it.o
                0x0800082c                EXTI4_15_IRQHandler
 .text.BSP_LED_Init
                0x08000840       0x6c ./Drivers/BSP/STM32G0xx_Nucleo/stm32g0xx_nucleo.o
                0x08000840                BSP_LED_Init
 .text.BSP_LED_Toggle
                0x080008ac       0x2c ./Drivers/BSP/STM32G0xx_Nucleo/stm32g0xx_nucleo.o
                0x080008ac                BSP_LED_Toggle
 .text.BSP_PB_Init
                0x080008d8       0xbc ./Drivers/BSP/STM32G0xx_Nucleo/stm32g0xx_nucleo.o
                0x080008d8                BSP_PB_Init
 .text.SystemInit
                0x08000994       0x18 ./Drivers/CMSIS/system_stm32g0xx.o
                0x08000994                SystemInit
 .text.HAL_Init
                0x080009ac       0x40 ./Drivers/STM32G0xx_HAL_Driver/stm32g0xx_hal.o
                0x080009ac                HAL_Init
 .text.HAL_InitTick
                0x080009ec       0x94 ./Drivers/STM32G0xx_HAL_Driver/stm32g0xx_hal.o
                0x080009ec                HAL_InitTick
 .text.HAL_IncTick
                0x08000a80       0x24 ./Drivers/STM32G0xx_HAL_Driver/stm32g0xx_hal.o
                0x08000a80                HAL_IncTick
 .text.HAL_GetTick
                0x08000aa4       0x14 ./Drivers/STM32G0xx_HAL_Driver/stm32g0xx_hal.o
                0x08000aa4                HAL_GetTick
 .text.HAL_Delay
                0x08000ab8       0x48 ./Drivers/STM32G0xx_HAL_Driver/stm32g0xx_hal.o
                0x08000ab8                HAL_Delay
 .text.HAL_SYSCFG_StrobeDBattpinsConfig
                0x08000b00       0x2c ./Drivers/STM32G0xx_HAL_Driver/stm32g0xx_hal.o
                0x08000b00                HAL_SYSCFG_StrobeDBattpinsConfig
 .text.__NVIC_EnableIRQ
                0x08000b2c       0x34 ./Drivers/STM32G0xx_HAL_Driver/stm32g0xx_hal_cortex.o
 .text.__NVIC_SetPriority
                0x08000b60       0xdc ./Drivers/STM32G0xx_HAL_Driver/stm32g0xx_hal_cortex.o
 .text.SysTick_Config
                0x08000c3c       0x48 ./Drivers/STM32G0xx_HAL_Driver/stm32g0xx_hal_cortex.o
 .text.HAL_NVIC_SetPriority
                0x08000c84       0x2a ./Drivers/STM32G0xx_HAL_Driver/stm32g0xx_hal_cortex.o
                0x08000c84                HAL_NVIC_SetPriority
 .text.HAL_NVIC_EnableIRQ
                0x08000cae       0x20 ./Drivers/STM32G0xx_HAL_Driver/stm32g0xx_hal_cortex.o
                0x08000cae                HAL_NVIC_EnableIRQ
 .text.HAL_SYSTICK_Config
                0x08000cce       0x1a ./Drivers/STM32G0xx_HAL_Driver/stm32g0xx_hal_cortex.o
                0x08000cce                HAL_SYSTICK_Config
 .text.HAL_DAC_Init
                0x08000ce8       0x46 ./Drivers/STM32G0xx_HAL_Driver/stm32g0xx_hal_dac.o
                0x08000ce8                HAL_DAC_Init
 .text.HAL_DAC_DeInit
                0x08000d2e       0x3c ./Drivers/STM32G0xx_HAL_Driver/stm32g0xx_hal_dac.o
                0x08000d2e                HAL_DAC_DeInit
 .text.HAL_DAC_Start
                0x08000d6a       0xac ./Drivers/STM32G0xx_HAL_Driver/stm32g0xx_hal_dac.o
                0x08000d6a                HAL_DAC_Start
 *fill*         0x08000e16        0x2 
 .text.HAL_DAC_Start_DMA
                0x08000e18      0x198 ./Drivers/STM32G0xx_HAL_Driver/stm32g0xx_hal_dac.o
                0x08000e18                HAL_DAC_Start_DMA
 .text.HAL_DAC_SetValue
                0x08000fb0       0x4e ./Drivers/STM32G0xx_HAL_Driver/stm32g0xx_hal_dac.o
                0x08000fb0                HAL_DAC_SetValue
 .text.HAL_DAC_ConvCpltCallbackCh1
                0x08000ffe       0x10 ./Drivers/STM32G0xx_HAL_Driver/stm32g0xx_hal_dac.o
                0x08000ffe                HAL_DAC_ConvCpltCallbackCh1
 .text.HAL_DAC_ConvHalfCpltCallbackCh1
                0x0800100e       0x10 ./Drivers/STM32G0xx_HAL_Driver/stm32g0xx_hal_dac.o
                0x0800100e                HAL_DAC_ConvHalfCpltCallbackCh1
 .text.HAL_DAC_ErrorCallbackCh1
                0x0800101e       0x10 ./Drivers/STM32G0xx_HAL_Driver/stm32g0xx_hal_dac.o
                0x0800101e                HAL_DAC_ErrorCallbackCh1
 *fill*         0x0800102e        0x2 
 .text.HAL_DAC_ConfigChannel
                0x08001030      0x260 ./Drivers/STM32G0xx_HAL_Driver/stm32g0xx_hal_dac.o
                0x08001030                HAL_DAC_ConfigChannel
 .text.DAC_DMAConvCpltCh1
                0x08001290       0x24 ./Drivers/STM32G0xx_HAL_Driver/stm32g0xx_hal_dac.o
                0x08001290                DAC_DMAConvCpltCh1
 .text.DAC_DMAHalfConvCpltCh1
                0x080012b4       0x1e ./Drivers/STM32G0xx_HAL_Driver/stm32g0xx_hal_dac.o
                0x080012b4                DAC_DMAHalfConvCpltCh1
 .text.DAC_DMAErrorCh1
                0x080012d2       0x30 ./Drivers/STM32G0xx_HAL_Driver/stm32g0xx_hal_dac.o
                0x080012d2                DAC_DMAErrorCh1
 .text.HAL_DACEx_TriangleWaveGenerate
                0x08001302       0x74 ./Drivers/STM32G0xx_HAL_Driver/stm32g0xx_hal_dac_ex.o
                0x08001302                HAL_DACEx_TriangleWaveGenerate
 .text.HAL_DACEx_ConvCpltCallbackCh2
                0x08001376       0x10 ./Drivers/STM32G0xx_HAL_Driver/stm32g0xx_hal_dac_ex.o
                0x08001376                HAL_DACEx_ConvCpltCallbackCh2
 .text.HAL_DACEx_ConvHalfCpltCallbackCh2
                0x08001386       0x10 ./Drivers/STM32G0xx_HAL_Driver/stm32g0xx_hal_dac_ex.o
                0x08001386                HAL_DACEx_ConvHalfCpltCallbackCh2
 .text.HAL_DACEx_ErrorCallbackCh2
                0x08001396       0x10 ./Drivers/STM32G0xx_HAL_Driver/stm32g0xx_hal_dac_ex.o
                0x08001396                HAL_DACEx_ErrorCallbackCh2
 .text.DAC_DMAConvCpltCh2
                0x080013a6       0x24 ./Drivers/STM32G0xx_HAL_Driver/stm32g0xx_hal_dac_ex.o
                0x080013a6                DAC_DMAConvCpltCh2
 .text.DAC_DMAHalfConvCpltCh2
                0x080013ca       0x1e ./Drivers/STM32G0xx_HAL_Driver/stm32g0xx_hal_dac_ex.o
                0x080013ca                DAC_DMAHalfConvCpltCh2
 .text.DAC_DMAErrorCh2
                0x080013e8       0x30 ./Drivers/STM32G0xx_HAL_Driver/stm32g0xx_hal_dac_ex.o
                0x080013e8                DAC_DMAErrorCh2
 .text.HAL_DMA_Init
                0x08001418      0x158 ./Drivers/STM32G0xx_HAL_Driver/stm32g0xx_hal_dma.o
                0x08001418                HAL_DMA_Init
 .text.HAL_DMA_DeInit
                0x08001570      0x130 ./Drivers/STM32G0xx_HAL_Driver/stm32g0xx_hal_dma.o
                0x08001570                HAL_DMA_DeInit
 .text.HAL_DMA_Start_IT
                0x080016a0      0x10c ./Drivers/STM32G0xx_HAL_Driver/stm32g0xx_hal_dma.o
                0x080016a0                HAL_DMA_Start_IT
 .text.HAL_DMA_IRQHandler
                0x080017ac      0x188 ./Drivers/STM32G0xx_HAL_Driver/stm32g0xx_hal_dma.o
                0x080017ac                HAL_DMA_IRQHandler
 .text.DMA_SetConfig
                0x08001934       0x78 ./Drivers/STM32G0xx_HAL_Driver/stm32g0xx_hal_dma.o
 .text.DMA_CalcDMAMUXChannelBaseAndMask
                0x080019ac       0x94 ./Drivers/STM32G0xx_HAL_Driver/stm32g0xx_hal_dma.o
 .text.DMA_CalcDMAMUXRequestGenBaseAndMask
                0x08001a40       0x48 ./Drivers/STM32G0xx_HAL_Driver/stm32g0xx_hal_dma.o
 .text.HAL_GPIO_Init
                0x08001a88      0x2d8 ./Drivers/STM32G0xx_HAL_Driver/stm32g0xx_hal_gpio.o
                0x08001a88                HAL_GPIO_Init
 .text.HAL_GPIO_DeInit
                0x08001d60      0x1b0 ./Drivers/STM32G0xx_HAL_Driver/stm32g0xx_hal_gpio.o
                0x08001d60                HAL_GPIO_DeInit
 .text.HAL_GPIO_TogglePin
                0x08001f10       0x36 ./Drivers/STM32G0xx_HAL_Driver/stm32g0xx_hal_gpio.o
                0x08001f10                HAL_GPIO_TogglePin
 *fill*         0x08001f46        0x2 
 .text.HAL_GPIO_EXTI_IRQHandler
                0x08001f48       0x54 ./Drivers/STM32G0xx_HAL_Driver/stm32g0xx_hal_gpio.o
                0x08001f48                HAL_GPIO_EXTI_IRQHandler
 .text.HAL_GPIO_EXTI_Rising_Callback
                0x08001f9c       0x14 ./Drivers/STM32G0xx_HAL_Driver/stm32g0xx_hal_gpio.o
                0x08001f9c                HAL_GPIO_EXTI_Rising_Callback
 .text.HAL_PWREx_ControlVoltageScaling
                0x08001fb0       0x80 ./Drivers/STM32G0xx_HAL_Driver/stm32g0xx_hal_pwr_ex.o
                0x08001fb0                HAL_PWREx_ControlVoltageScaling
 .text.HAL_RCC_OscConfig
                0x08002030      0x6c0 ./Drivers/STM32G0xx_HAL_Driver/stm32g0xx_hal_rcc.o
                0x08002030                HAL_RCC_OscConfig
 .text.HAL_RCC_ClockConfig
                0x080026f0      0x210 ./Drivers/STM32G0xx_HAL_Driver/stm32g0xx_hal_rcc.o
                0x080026f0                HAL_RCC_ClockConfig
 .text.HAL_RCC_GetSysClockFreq
                0x08002900      0x104 ./Drivers/STM32G0xx_HAL_Driver/stm32g0xx_hal_rcc.o
                0x08002900                HAL_RCC_GetSysClockFreq
 .text.HAL_RCCEx_PeriphCLKConfig
                0x08002a04      0x478 ./Drivers/STM32G0xx_HAL_Driver/stm32g0xx_hal_rcc_ex.o
                0x08002a04                HAL_RCCEx_PeriphCLKConfig
 .text.HAL_TIM_Base_Init
                0x08002e7c       0xb0 ./Drivers/STM32G0xx_HAL_Driver/stm32g0xx_hal_tim.o
                0x08002e7c                HAL_TIM_Base_Init
 .text.HAL_TIM_Base_Start
                0x08002f2c       0xb4 ./Drivers/STM32G0xx_HAL_Driver/stm32g0xx_hal_tim.o
                0x08002f2c                HAL_TIM_Base_Start
 .text.HAL_TIM_ConfigClockSource
                0x08002fe0      0x1ac ./Drivers/STM32G0xx_HAL_Driver/stm32g0xx_hal_tim.o
                0x08002fe0                HAL_TIM_ConfigClockSource
 .text.TIM_Base_SetConfig
                0x0800318c      0x128 ./Drivers/STM32G0xx_HAL_Driver/stm32g0xx_hal_tim.o
                0x0800318c                TIM_Base_SetConfig
 .text.TIM_TI1_ConfigInputStage
                0x080032b4       0x9c ./Drivers/STM32G0xx_HAL_Driver/stm32g0xx_hal_tim.o
 .text.TIM_TI2_ConfigInputStage
                0x08003350       0x7c ./Drivers/STM32G0xx_HAL_Driver/stm32g0xx_hal_tim.o
 .text.TIM_ITRx_SetConfig
                0x080033cc       0x38 ./Drivers/STM32G0xx_HAL_Driver/stm32g0xx_hal_tim.o
 .text.TIM_ETR_SetConfig
                0x08003404       0x40 ./Drivers/STM32G0xx_HAL_Driver/stm32g0xx_hal_tim.o
                0x08003404                TIM_ETR_SetConfig
 .text.HAL_TIMEx_MasterConfigSynchronization
                0x08003444       0xec ./Drivers/STM32G0xx_HAL_Driver/stm32g0xx_hal_tim_ex.o
                0x08003444                HAL_TIMEx_MasterConfigSynchronization
 .text.memset   0x08003530       0x10 C:/ST/STM32CubeIDE_2.2.0/STM32CubeIDE/plugins/com.st.stm32cube.ide.mcu.externaltools.gnu-tools-for-stm32.14.3.rel1.win32_1.0.100.202602081740/tools/bin/../lib/gcc/arm-none-eabi/14.3.1/../../../../arm-none-eabi/lib/thumb/v6-m/nofp\libc_nano.a(libc_a-memset.o)
                0x08003530                memset
 .text.__libc_init_array
                0x08003540       0x48 C:/ST/STM32CubeIDE_2.2.0/STM32CubeIDE/plugins/com.st.stm32cube.ide.mcu.externaltools.gnu-tools-for-stm32.14.3.rel1.win32_1.0.100.202602081740/tools/bin/../lib/gcc/arm-none-eabi/14.3.1/../../../../arm-none-eabi/lib/thumb/v6-m/nofp\libc_nano.a(libc_a-init.o)
                0x08003540                __libc_init_array
 *(.glue_7)
 .glue_7        0x08003588        0x0 linker stubs
 *(.glue_7t)
 .glue_7t       0x08003588        0x0 linker stubs
 *(.eh_frame)
 .eh_frame      0x08003588        0x0 C:/ST/STM32CubeIDE_2.2.0/STM32CubeIDE/plugins/com.st.stm32cube.ide.mcu.externaltools.gnu-tools-for-stm32.14.3.rel1.win32_1.0.100.202602081740/tools/bin/../lib/gcc/arm-none-eabi/14.3.1/thumb/v6-m/nofp/crtbegin.o
 *(.init)
 .init          0x08003588        0x4 C:/ST/STM32CubeIDE_2.2.0/STM32CubeIDE/plugins/com.st.stm32cube.ide.mcu.externaltools.gnu-tools-for-stm32.14.3.rel1.win32_1.0.100.202602081740/tools/bin/../lib/gcc/arm-none-eabi/14.3.1/thumb/v6-m/nofp/crti.o
                0x08003588                _init
 .init          0x0800358c        0x8 C:/ST/STM32CubeIDE_2.2.0/STM32CubeIDE/plugins/com.st.stm32cube.ide.mcu.externaltools.gnu-tools-for-stm32.14.3.rel1.win32_1.0.100.202602081740/tools/bin/../lib/gcc/arm-none-eabi/14.3.1/thumb/v6-m/nofp/crtn.o
 *(.fini)
 .fini          0x08003594        0x4 C:/ST/STM32CubeIDE_2.2.0/STM32CubeIDE/plugins/com.st.stm32cube.ide.mcu.externaltools.gnu-tools-for-stm32.14.3.rel1.win32_1.0.100.202602081740/tools/bin/../lib/gcc/arm-none-eabi/14.3.1/thumb/v6-m/nofp/crti.o
                0x08003594                _fini
 .fini          0x08003598        0x8 C:/ST/STM32CubeIDE_2.2.0/STM32CubeIDE/plugins/com.st.stm32cube.ide.mcu.externaltools.gnu-tools-for-stm32.14.3.rel1.win32_1.0.100.202602081740/tools/bin/../lib/gcc/arm-none-eabi/14.3.1/thumb/v6-m/nofp/crtn.o
                0x080035a0                        . = ALIGN (0x4)
                0x080035a0                        _etext = .

.vfp11_veneer   0x080035a0        0x0
 .vfp11_veneer  0x080035a0        0x0 linker stubs

.v4_bx          0x080035a0        0x0
 .v4_bx         0x080035a0        0x0 linker stubs

.iplt           0x080035a0        0x0
 .iplt          0x080035a0        0x0 C:/ST/STM32CubeIDE_2.2.0/STM32CubeIDE/plugins/com.st.stm32cube.ide.mcu.externaltools.gnu-tools-for-stm32.14.3.rel1.win32_1.0.100.202602081740/tools/bin/../lib/gcc/arm-none-eabi/14.3.1/thumb/v6-m/nofp/crtbegin.o

.rodata         0x080035a0       0x48
                0x080035a0                        . = ALIGN (0x4)
 *(.rodata)
 *(.rodata*)
 .rodata.aEscalator8bit
                0x080035a0        0x6 ./Application/User/main.o
                0x080035a0                aEscalator8bit
 *fill*         0x080035a6        0x2 
 .rodata.AHBPrescTable
                0x080035a8       0x40 ./Drivers/CMSIS/system_stm32g0xx.o
                0x080035a8                AHBPrescTable
                0x080035e8                        . = ALIGN (0x4)

.ARM.extab      0x080035e8        0x0
                0x080035e8                        . = ALIGN (0x4)
 *(.ARM.extab* .gnu.linkonce.armextab.*)
                0x080035e8                        . = ALIGN (0x4)

.ARM            0x080035e8        0x0
                0x080035e8                        . = ALIGN (0x4)
                0x080035e8                        __exidx_start = .
 *(.ARM.exidx*)
                0x080035e8                        __exidx_end = .
                0x080035e8                        . = ALIGN (0x4)

.preinit_array  0x080035e8        0x0
                0x080035e8                        . = ALIGN (0x4)
                0x080035e8                        PROVIDE (__preinit_array_start = .)
 *(.preinit_array*)
                0x080035e8                        PROVIDE (__preinit_array_end = .)
                0x080035e8                        . = ALIGN (0x4)

.init_array     0x080035e8        0x4
                0x080035e8                        . = ALIGN (0x4)
                0x080035e8                        PROVIDE (__init_array_start = .)
 *(SORT_BY_NAME(.init_array.*))
 *(.init_array*)
 .init_array    0x080035e8        0x4 C:/ST/STM32CubeIDE_2.2.0/STM32CubeIDE/plugins/com.st.stm32cube.ide.mcu.externaltools.gnu-tools-for-stm32.14.3.rel1.win32_1.0.100.202602081740/tools/bin/../lib/gcc/arm-none-eabi/14.3.1/thumb/v6-m/nofp/crtbegin.o
                0x080035ec                        PROVIDE (__init_array_end = .)
                0x080035ec                        . = ALIGN (0x4)

.fini_array     0x080035ec        0x4
                0x080035ec                        . = ALIGN (0x4)
                [!provide]                        PROVIDE (__fini_array_start = .)
 *(SORT_BY_NAME(.fini_array.*))
 *(.fini_array*)
 .fini_array    0x080035ec        0x4 C:/ST/STM32CubeIDE_2.2.0/STM32CubeIDE/plugins/com.st.stm32cube.ide.mcu.externaltools.gnu-tools-for-stm32.14.3.rel1.win32_1.0.100.202602081740/tools/bin/../lib/gcc/arm-none-eabi/14.3.1/thumb/v6-m/nofp/crtbegin.o
                [!provide]                        PROVIDE (__fini_array_end = .)
                0x080035f0                        . = ALIGN (0x4)
                0x080035f0                        _sidata = LOADADDR (.data)

.rel.dyn        0x080035f0        0x0
 .rel.iplt      0x080035f0        0x0 C:/ST/STM32CubeIDE_2.2.0/STM32CubeIDE/plugins/com.st.stm32cube.ide.mcu.externaltools.gnu-tools-for-stm32.14.3.rel1.win32_1.0.100.202602081740/tools/bin/../lib/gcc/arm-none-eabi/14.3.1/thumb/v6-m/nofp/crtbegin.o

.data           0x20000000       0x18 load address 0x080035f0
                0x20000000                        . = ALIGN (0x4)
                0x20000000                        _sdata = .
 *(.data)
 *(.data*)
 .data.ubKeyPressed
                0x20000000        0x1 ./Application/User/main.o
                0x20000000                ubKeyPressed
 .data.ubSelectedWavesForm
                0x20000001        0x1 ./Application/User/main.o
                0x20000001                ubSelectedWavesForm
 *fill*         0x20000002        0x2 
 .data.LED_PORT
                0x20000004        0x4 ./Drivers/BSP/STM32G0xx_Nucleo/stm32g0xx_nucleo.o
                0x20000004                LED_PORT
 .data.BUTTON_PORT
                0x20000008        0x4 ./Drivers/BSP/STM32G0xx_Nucleo/stm32g0xx_nucleo.o
                0x20000008                BUTTON_PORT
 .data.SystemCoreClock
                0x2000000c        0x4 ./Drivers/CMSIS/system_stm32g0xx.o
                0x2000000c                SystemCoreClock
 .data.uwTickPrio
                0x20000010        0x4 ./Drivers/STM32G0xx_HAL_Driver/stm32g0xx_hal.o
                0x20000010                uwTickPrio
 .data.uwTickFreq
                0x20000014        0x1 ./Drivers/STM32G0xx_HAL_Driver/stm32g0xx_hal.o
                0x20000014                uwTickFreq
                0x20000018                        . = ALIGN (0x4)
 *fill*         0x20000015        0x3 
                0x20000018                        _edata = .

.igot.plt       0x20000018        0x0 load address 0x08003608
 .igot.plt      0x20000018        0x0 C:/ST/STM32CubeIDE_2.2.0/STM32CubeIDE/plugins/com.st.stm32cube.ide.mcu.externaltools.gnu-tools-for-stm32.14.3.rel1.win32_1.0.100.202602081740/tools/bin/../lib/gcc/arm-none-eabi/14.3.1/thumb/v6-m/nofp/crtbegin.o
                0x20000018                        . = ALIGN (0x4)

.bss            0x20000018       0xe0 load address 0x08003608
                0x20000018                        _sbss = .
                0x20000018                        __bss_start__ = _sbss
 *(.bss)
 .bss           0x20000018       0x1c C:/ST/STM32CubeIDE_2.2.0/STM32CubeIDE/plugins/com.st.stm32cube.ide.mcu.externaltools.gnu-tools-for-stm32.14.3.rel1.win32_1.0.100.202602081740/tools/bin/../lib/gcc/arm-none-eabi/14.3.1/thumb/v6-m/nofp/crtbegin.o
 *(.bss*)
 .bss.hdac1     0x20000034       0x14 ./Application/User/main.o
                0x20000034                hdac1
 .bss.hdma_dac1_ch1
                0x20000048       0x60 ./Application/User/main.o
                0x20000048                hdma_dac1_ch1
 .bss.htim1     0x200000a8       0x4c ./Application/User/main.o
                0x200000a8                htim1
 .bss.uwTick    0x200000f4        0x4 ./Drivers/STM32G0xx_HAL_Driver/stm32g0xx_hal.o
                0x200000f4                uwTick
 *(COMMON)
                0x200000f8                        . = ALIGN (0x4)
                0x200000f8                        _ebss = .
                0x200000f8                        __bss_end__ = _ebss

._user_heap_stack
                0x200000f8      0x600 load address 0x08003608
                0x200000f8                        . = ALIGN (0x8)
                [!provide]                        PROVIDE (end = .)
                0x200000f8                        PROVIDE (_end = .)
                0x200002f8                        . = (. + _Min_Heap_Size)
 *fill*         0x200000f8      0x200 
                0x200006f8                        . = (. + _Min_Stack_Size)
 *fill*         0x200002f8      0x400 
                0x200006f8                        . = ALIGN (0x8)

/DISCARD/
 libc.a(*)
 libm.a(*)
 libgcc.a(*)

.ARM.attributes
                0x00000000       0x28
 *(.ARM.attributes)
 .ARM.attributes
                0x00000000       0x1e C:/ST/STM32CubeIDE_2.2.0/STM32CubeIDE/plugins/com.st.stm32cube.ide.mcu.externaltools.gnu-tools-for-stm32.14.3.rel1.win32_1.0.100.202602081740/tools/bin/../lib/gcc/arm-none-eabi/14.3.1/thumb/v6-m/nofp/crti.o
 .ARM.attributes
                0x0000001e       0x2c C:/ST/STM32CubeIDE_2.2.0/STM32CubeIDE/plugins/com.st.stm32cube.ide.mcu.externaltools.gnu-tools-for-stm32.14.3.rel1.win32_1.0.100.202602081740/tools/bin/../lib/gcc/arm-none-eabi/14.3.1/thumb/v6-m/nofp/crtbegin.o
 .ARM.attributes
                0x0000004a       0x22 ./Application/Startup/startup_stm32g0b1retx.o
 .ARM.attributes
                0x0000006c       0x2c ./Application/User/main.o
 .ARM.attributes
                0x00000098       0x2c ./Application/User/stm32g0xx_hal_msp.o
 .ARM.attributes
                0x000000c4       0x2c ./Application/User/stm32g0xx_it.o
 .ARM.attributes
                0x000000f0       0x2c ./Drivers/BSP/STM32G0xx_Nucleo/stm32g0xx_nucleo.o
 .ARM.attributes
                0x0000011c       0x2c ./Drivers/CMSIS/system_stm32g0xx.o
 .ARM.attributes
                0x00000148       0x2c ./Drivers/STM32G0xx_HAL_Driver/stm32g0xx_hal.o
 .ARM.attributes
                0x00000174       0x2c ./Drivers/STM32G0xx_HAL_Driver/stm32g0xx_hal_cortex.o
 .ARM.attributes
                0x000001a0       0x2c ./Drivers/STM32G0xx_HAL_Driver/stm32g0xx_hal_dac.o
 .ARM.attributes
                0x000001cc       0x2c ./Drivers/STM32G0xx_HAL_Driver/stm32g0xx_hal_dac_ex.o
 .ARM.attributes
                0x000001f8       0x2c ./Drivers/STM32G0xx_HAL_Driver/stm32g0xx_hal_dma.o
 .ARM.attributes
                0x00000224       0x2c ./Drivers/STM32G0xx_HAL_Driver/stm32g0xx_hal_gpio.o
 .ARM.attributes
                0x00000250       0x2c ./Drivers/STM32G0xx_HAL_Driver/stm32g0xx_hal_pwr_ex.o
 .ARM.attributes
                0x0000027c       0x2c ./Drivers/STM32G0xx_HAL_Driver/stm32g0xx_hal_rcc.o
 .ARM.attributes
                0x000002a8       0x2c ./Drivers/STM32G0xx_HAL_Driver/stm32g0xx_hal_rcc_ex.o
 .ARM.attributes
                0x000002d4       0x2c ./Drivers/STM32G0xx_HAL_Driver/stm32g0xx_hal_tim.o
 .ARM.attributes
                0x00000300       0x2c ./Drivers/STM32G0xx_HAL_Driver/stm32g0xx_hal_tim_ex.o
 .ARM.attributes
                0x0000032c       0x2c C:/ST/STM32CubeIDE_2.2.0/STM32CubeIDE/plugins/com.st.stm32cube.ide.mcu.externaltools.gnu-tools-for-stm32.14.3.rel1.win32_1.0.100.202602081740/tools/bin/../lib/gcc/arm-none-eabi/14.3.1/../../../../arm-none-eabi/lib/thumb/v6-m/nofp\libc_nano.a(libc_a-memset.o)
 .ARM.attributes
                0x00000358       0x2c C:/ST/STM32CubeIDE_2.2.0/STM32CubeIDE/plugins/com.st.stm32cube.ide.mcu.externaltools.gnu-tools-for-stm32.14.3.rel1.win32_1.0.100.202602081740/tools/bin/../lib/gcc/arm-none-eabi/14.3.1/../../../../arm-none-eabi/lib/thumb/v6-m/nofp\libc_nano.a(libc_a-init.o)
 .ARM.attributes
                0x00000384       0x1e C:/ST/STM32CubeIDE_2.2.0/STM32CubeIDE/plugins/com.st.stm32cube.ide.mcu.externaltools.gnu-tools-for-stm32.14.3.rel1.win32_1.0.100.202602081740/tools/bin/../lib/gcc/arm-none-eabi/14.3.1/thumb/v6-m/nofp\libgcc.a(_udivsi3.o)
 .ARM.attributes
                0x000003a2       0x1e C:/ST/STM32CubeIDE_2.2.0/STM32CubeIDE/plugins/com.st.stm32cube.ide.mcu.externaltools.gnu-tools-for-stm32.14.3.rel1.win32_1.0.100.202602081740/tools/bin/../lib/gcc/arm-none-eabi/14.3.1/thumb/v6-m/nofp\libgcc.a(_dvmd_tls.o)
 .ARM.attributes
                0x000003c0       0x1e C:/ST/STM32CubeIDE_2.2.0/STM32CubeIDE/plugins/com.st.stm32cube.ide.mcu.externaltools.gnu-tools-for-stm32.14.3.rel1.win32_1.0.100.202602081740/tools/bin/../lib/gcc/arm-none-eabi/14.3.1/thumb/v6-m/nofp/crtn.o
OUTPUT(DAC_SignalsGeneration.elf elf32-littlearm)
LOAD linker stubs
LOAD C:/ST/STM32CubeIDE_2.2.0/STM32CubeIDE/plugins/com.st.stm32cube.ide.mcu.externaltools.gnu-tools-for-stm32.14.3.rel1.win32_1.0.100.202602081740/tools/bin/../lib/gcc/arm-none-eabi/14.3.1/../../../../arm-none-eabi/lib/thumb/v6-m/nofp\libc.a
LOAD C:/ST/STM32CubeIDE_2.2.0/STM32CubeIDE/plugins/com.st.stm32cube.ide.mcu.externaltools.gnu-tools-for-stm32.14.3.rel1.win32_1.0.100.202602081740/tools/bin/../lib/gcc/arm-none-eabi/14.3.1/../../../../arm-none-eabi/lib/thumb/v6-m/nofp\libm.a
LOAD C:/ST/STM32CubeIDE_2.2.0/STM32CubeIDE/plugins/com.st.stm32cube.ide.mcu.externaltools.gnu-tools-for-stm32.14.3.rel1.win32_1.0.100.202602081740/tools/bin/../lib/gcc/arm-none-eabi/14.3.1/thumb/v6-m/nofp\libgcc.a

.debug_line     0x00000000    0x1036c
 .debug_line    0x00000000       0x7b ./Application/Startup/startup_stm32g0b1retx.o
 .debug_line    0x0000007b      0xa76 ./Application/User/main.o
 .debug_line    0x00000af1      0x941 ./Application/User/stm32g0xx_hal_msp.o
 .debug_line    0x00001432      0x8e1 ./Application/User/stm32g0xx_it.o
 .debug_line    0x00001d13      0x8ec ./Drivers/BSP/STM32G0xx_Nucleo/stm32g0xx_nucleo.o
 .debug_line    0x000025ff      0x881 ./Drivers/CMSIS/system_stm32g0xx.o
 .debug_line    0x00002e80      0xbbd ./Drivers/STM32G0xx_HAL_Driver/stm32g0xx_hal.o
 .debug_line    0x00003a3d      0xc1f ./Drivers/STM32G0xx_HAL_Driver/stm32g0xx_hal_cortex.o
 .debug_line    0x0000465c      0xcb4 ./Drivers/STM32G0xx_HAL_Driver/stm32g0xx_hal_dac.o
 .debug_line    0x00005310      0xb20 ./Drivers/STM32G0xx_HAL_Driver/stm32g0xx_hal_dac_ex.o
 .debug_line    0x00005e30      0xefa ./Drivers/STM32G0xx_HAL_Driver/stm32g0xx_hal_dma.o
 .debug_line    0x00006d2a      0xbef ./Drivers/STM32G0xx_HAL_Driver/stm32g0xx_hal_gpio.o
 .debug_line    0x00007919      0xc72 ./Drivers/STM32G0xx_HAL_Driver/stm32g0xx_hal_pwr_ex.o
 .debug_line    0x0000858b     0x10c4 ./Drivers/STM32G0xx_HAL_Driver/stm32g0xx_hal_rcc.o
 .debug_line    0x0000964f     0x1268 ./Drivers/STM32G0xx_HAL_Driver/stm32g0xx_hal_rcc_ex.o
 .debug_line    0x0000a8b7     0x3e24 ./Drivers/STM32G0xx_HAL_Driver/stm32g0xx_hal_tim.o
 .debug_line    0x0000e6db     0x1c91 ./Drivers/STM32G0xx_HAL_Driver/stm32g0xx_hal_tim_ex.o

.debug_line_str
                0x00000000       0xbe
 .debug_line_str
                0x00000000       0xbe ./Application/Startup/startup_stm32g0b1retx.o

.debug_info     0x00000000     0xd060
 .debug_info    0x00000000       0x30 ./Application/Startup/startup_stm32g0b1retx.o
 .debug_info    0x00000030     0x138d ./Application/User/main.o
 .debug_info    0x000013bd      0xf53 ./Application/User/stm32g0xx_hal_msp.o
 .debug_info    0x00002310      0x491 ./Application/User/stm32g0xx_it.o
 .debug_info    0x000027a1      0x7cf ./Drivers/BSP/STM32G0xx_Nucleo/stm32g0xx_nucleo.o
 .debug_info    0x00002f70      0x3f4 ./Drivers/CMSIS/system_stm32g0xx.o
 .debug_info    0x00003364      0xafa ./Drivers/STM32G0xx_HAL_Driver/stm32g0xx_hal.o
 .debug_info    0x00003e5e      0x8d9 ./Drivers/STM32G0xx_HAL_Driver/stm32g0xx_hal_cortex.o
 .debug_info    0x00004737      0xc06 ./Drivers/STM32G0xx_HAL_Driver/stm32g0xx_hal_dac.o
 .debug_info    0x0000533d      0xab2 ./Drivers/STM32G0xx_HAL_Driver/stm32g0xx_hal_dac_ex.o
 .debug_info    0x00005def      0x869 ./Drivers/STM32G0xx_HAL_Driver/stm32g0xx_hal_dma.o
 .debug_info    0x00006658      0x5e8 ./Drivers/STM32G0xx_HAL_Driver/stm32g0xx_hal_gpio.o
 .debug_info    0x00006c40      0x8c1 ./Drivers/STM32G0xx_HAL_Driver/stm32g0xx_hal_pwr_ex.o
 .debug_info    0x00007501      0xbb4 ./Drivers/STM32G0xx_HAL_Driver/stm32g0xx_hal_rcc.o
 .debug_info    0x000080b5      0xa59 ./Drivers/STM32G0xx_HAL_Driver/stm32g0xx_hal_rcc_ex.o
 .debug_info    0x00008b0e     0x2c2f ./Drivers/STM32G0xx_HAL_Driver/stm32g0xx_hal_tim.o
 .debug_info    0x0000b73d     0x1923 ./Drivers/STM32G0xx_HAL_Driver/stm32g0xx_hal_tim_ex.o

.debug_abbrev   0x00000000     0x2394
 .debug_abbrev  0x00000000       0x24 ./Application/Startup/startup_stm32g0b1retx.o
 .debug_abbrev  0x00000024      0x2c5 ./Application/User/main.o
 .debug_abbrev  0x000002e9      0x212 ./Application/User/stm32g0xx_hal_msp.o
 .debug_abbrev  0x000004fb      0x194 ./Application/User/stm32g0xx_it.o
 .debug_abbrev  0x0000068f      0x23a ./Drivers/BSP/STM32G0xx_Nucleo/stm32g0xx_nucleo.o
 .debug_abbrev  0x000008c9      0x117 ./Drivers/CMSIS/system_stm32g0xx.o
 .debug_abbrev  0x000009e0      0x27f ./Drivers/STM32G0xx_HAL_Driver/stm32g0xx_hal.o
 .debug_abbrev  0x00000c5f      0x2ab ./Drivers/STM32G0xx_HAL_Driver/stm32g0xx_hal_cortex.o
 .debug_abbrev  0x00000f0a      0x22f ./Drivers/STM32G0xx_HAL_Driver/stm32g0xx_hal_dac.o
 .debug_abbrev  0x00001139      0x22e ./Drivers/STM32G0xx_HAL_Driver/stm32g0xx_hal_dac_ex.o
 .debug_abbrev  0x00001367      0x214 ./Drivers/STM32G0xx_HAL_Driver/stm32g0xx_hal_dma.o
 .debug_abbrev  0x0000157b      0x1c8 ./Drivers/STM32G0xx_HAL_Driver/stm32g0xx_hal_gpio.o
 .debug_abbrev  0x00001743      0x23c ./Drivers/STM32G0xx_HAL_Driver/stm32g0xx_hal_pwr_ex.o
 .debug_abbrev  0x0000197f      0x2aa ./Drivers/STM32G0xx_HAL_Driver/stm32g0xx_hal_rcc.o
 .debug_abbrev  0x00001c29      0x246 ./Drivers/STM32G0xx_HAL_Driver/stm32g0xx_hal_rcc_ex.o
 .debug_abbrev  0x00001e6f      0x28e ./Drivers/STM32G0xx_HAL_Driver/stm32g0xx_hal_tim.o
 .debug_abbrev  0x000020fd      0x297 ./Drivers/STM32G0xx_HAL_Driver/stm32g0xx_hal_tim_ex.o

.debug_aranges  0x00000000      0xdc0
 .debug_aranges
                0x00000000       0x28 ./Application/Startup/startup_stm32g0b1retx.o
 .debug_aranges
                0x00000028       0x68 ./Application/User/main.o
 .debug_aranges
                0x00000090       0x40 ./Application/User/stm32g0xx_hal_msp.o
 .debug_aranges
                0x000000d0       0x40 ./Application/User/stm32g0xx_it.o
 .debug_aranges
                0x00000110       0x60 ./Drivers/BSP/STM32G0xx_Nucleo/stm32g0xx_nucleo.o
 .debug_aranges
                0x00000170       0x28 ./Drivers/CMSIS/system_stm32g0xx.o
 .debug_aranges
                0x00000198      0x130 ./Drivers/STM32G0xx_HAL_Driver/stm32g0xx_hal.o
 .debug_aranges
                0x000002c8       0xe8 ./Drivers/STM32G0xx_HAL_Driver/stm32g0xx_hal_cortex.o
 .debug_aranges
                0x000003b0       0xc0 ./Drivers/STM32G0xx_HAL_Driver/stm32g0xx_hal_dac.o
 .debug_aranges
                0x00000470       0x98 ./Drivers/STM32G0xx_HAL_Driver/stm32g0xx_hal_dac_ex.o
 .debug_aranges
                0x00000508       0x90 ./Drivers/STM32G0xx_HAL_Driver/stm32g0xx_hal_dma.o
 .debug_aranges
                0x00000598       0x60 ./Drivers/STM32G0xx_HAL_Driver/stm32g0xx_hal_gpio.o
 .debug_aranges
                0x000005f8      0x128 ./Drivers/STM32G0xx_HAL_Driver/stm32g0xx_hal_pwr_ex.o
 .debug_aranges
                0x00000720       0xa0 ./Drivers/STM32G0xx_HAL_Driver/stm32g0xx_hal_rcc.o
 .debug_aranges
                0x000007c0       0x88 ./Drivers/STM32G0xx_HAL_Driver/stm32g0xx_hal_rcc_ex.o
 .debug_aranges
                0x00000848      0x3e0 ./Drivers/STM32G0xx_HAL_Driver/stm32g0xx_hal_tim.o
 .debug_aranges
                0x00000c28      0x198 ./Drivers/STM32G0xx_HAL_Driver/stm32g0xx_hal_tim_ex.o

.debug_str      0x00000000    0xb564f
 .debug_str     0x00000000    0xb564f ./Application/Startup/startup_stm32g0b1retx.o
                                 0xda (size before relaxing)
 .debug_str     0x000b564f    0xb2299 ./Application/User/main.o
 .debug_str     0x000b564f    0xb1da3 ./Application/User/stm32g0xx_hal_msp.o
 .debug_str     0x000b564f    0xb1617 ./Application/User/stm32g0xx_it.o
 .debug_str     0x000b564f    0xb193a ./Drivers/BSP/STM32G0xx_Nucleo/stm32g0xx_nucleo.o
 .debug_str     0x000b564f    0xb086d ./Drivers/CMSIS/system_stm32g0xx.o
 .debug_str     0x000b564f    0xb10d4 ./Drivers/STM32G0xx_HAL_Driver/stm32g0xx_hal.o
 .debug_str     0x000b564f    0xb0d05 ./Drivers/STM32G0xx_HAL_Driver/stm32g0xx_hal_cortex.o
 .debug_str     0x000b564f    0xb0eaa ./Drivers/STM32G0xx_HAL_Driver/stm32g0xx_hal_dac.o
 .debug_str     0x000b564f    0xb0e54 ./Drivers/STM32G0xx_HAL_Driver/stm32g0xx_hal_dac_ex.o
 .debug_str     0x000b564f    0xb0ca4 ./Drivers/STM32G0xx_HAL_Driver/stm32g0xx_hal_dma.o
 .debug_str     0x000b564f    0xb0957 ./Drivers/STM32G0xx_HAL_Driver/stm32g0xx_hal_gpio.o
 .debug_str     0x000b564f    0xb0d76 ./Drivers/STM32G0xx_HAL_Driver/stm32g0xx_hal_pwr_ex.o
 .debug_str     0x000b564f    0xb0fc0 ./Drivers/STM32G0xx_HAL_Driver/stm32g0xx_hal_rcc.o
 .debug_str     0x000b564f    0xb0e50 ./Drivers/STM32G0xx_HAL_Driver/stm32g0xx_hal_rcc_ex.o
 .debug_str     0x000b564f    0xb1d63 ./Drivers/STM32G0xx_HAL_Driver/stm32g0xx_hal_tim.o
 .debug_str     0x000b564f    0xb16eb ./Drivers/STM32G0xx_HAL_Driver/stm32g0xx_hal_tim_ex.o

.debug_rnglists
                0x00000000      0xa95
 .debug_rnglists
                0x00000000       0x19 ./Application/Startup/startup_stm32g0b1retx.o
 .debug_rnglists
                0x00000019       0x4b ./Application/User/main.o
 .debug_rnglists
                0x00000064       0x2c ./Application/User/stm32g0xx_hal_msp.o
 .debug_rnglists
                0x00000090       0x2b ./Application/User/stm32g0xx_it.o
 .debug_rnglists
                0x000000bb       0x44 ./Drivers/BSP/STM32G0xx_Nucleo/stm32g0xx_nucleo.o
 .debug_rnglists
                0x000000ff       0x1a ./Drivers/CMSIS/system_stm32g0xx.o
 .debug_rnglists
                0x00000119       0xe0 ./Drivers/STM32G0xx_HAL_Driver/stm32g0xx_hal.o
 .debug_rnglists
                0x000001f9       0xaa ./Drivers/STM32G0xx_HAL_Driver/stm32g0xx_hal_cortex.o
 .debug_rnglists
                0x000002a3       0x90 ./Drivers/STM32G0xx_HAL_Driver/stm32g0xx_hal_dac.o
 .debug_rnglists
                0x00000333       0x70 ./Drivers/STM32G0xx_HAL_Driver/stm32g0xx_hal_dac_ex.o
 .debug_rnglists
                0x000003a3       0x72 ./Drivers/STM32G0xx_HAL_Driver/stm32g0xx_hal_dma.o
 .debug_rnglists
                0x00000415       0x45 ./Drivers/STM32G0xx_HAL_Driver/stm32g0xx_hal_gpio.o
 .debug_rnglists
                0x0000045a       0xe0 ./Drivers/STM32G0xx_HAL_Driver/stm32g0xx_hal_pwr_ex.o
 .debug_rnglists
                0x0000053a       0x79 ./Drivers/STM32G0xx_HAL_Driver/stm32g0xx_hal_rcc.o
 .debug_rnglists
                0x000005b3       0x69 ./Drivers/STM32G0xx_HAL_Driver/stm32g0xx_hal_rcc_ex.o
 .debug_rnglists
                0x0000061c      0x32b ./Drivers/STM32G0xx_HAL_Driver/stm32g0xx_hal_tim.o
 .debug_rnglists
                0x00000947      0x14e ./Drivers/STM32G0xx_HAL_Driver/stm32g0xx_hal_tim_ex.o

.debug_macro    0x00000000    0x1bc18
 .debug_macro   0x00000000      0x1f2 ./Application/User/main.o
 .debug_macro   0x000001f2      0xaae ./Application/User/main.o
 .debug_macro   0x00000ca0      0x12a ./Application/User/main.o
 .debug_macro   0x00000dca       0x2e ./Application/User/main.o
 .debug_macro   0x00000df8       0x28 ./Application/User/main.o
 .debug_macro   0x00000e20       0x22 ./Application/User/main.o
 .debug_macro   0x00000e42       0x8e ./Application/User/main.o
 .debug_macro   0x00000ed0       0x51 ./Application/User/main.o
 .debug_macro   0x00000f21      0x103 ./Application/User/main.o
 .debug_macro   0x00001024       0x6a ./Application/User/main.o
 .debug_macro   0x0000108e      0x1df ./Application/User/main.o
 .debug_macro   0x0000126d       0x1c ./Application/User/main.o
 .debug_macro   0x00001289       0x22 ./Application/User/main.o
 .debug_macro   0x000012ab       0xd1 ./Application/User/main.o
 .debug_macro   0x0000137c      0x4da ./Application/User/main.o
 .debug_macro   0x00001856      0x11f ./Application/User/main.o
 .debug_macro   0x00001975     0xf46a ./Application/User/main.o
 .debug_macro   0x00010ddf       0x66 ./Application/User/main.o
 .debug_macro   0x00010e45     0x3527 ./Application/User/main.o
 .debug_macro   0x0001436c      0x190 ./Application/User/main.o
 .debug_macro   0x000144fc       0x5c ./Application/User/main.o
 .debug_macro   0x00014558      0x72c ./Application/User/main.o
 .debug_macro   0x00014c84     0x1579 ./Application/User/main.o
 .debug_macro   0x000161fd      0x535 ./Application/User/main.o
 .debug_macro   0x00016732      0x1cf ./Application/User/main.o
 .debug_macro   0x00016901      0x25b ./Application/User/main.o
 .debug_macro   0x00016b5c      0x4f5 ./Application/User/main.o
 .debug_macro   0x00017051      0x280 ./Application/User/main.o
 .debug_macro   0x000172d1      0x417 ./Application/User/main.o
 .debug_macro   0x000176e8      0x1b2 ./Application/User/main.o
 .debug_macro   0x0001789a       0x43 ./Application/User/main.o
 .debug_macro   0x000178dd      0x1f1 ./Application/User/main.o
 .debug_macro   0x00017ace      0x161 ./Application/User/main.o
 .debug_macro   0x00017c2f       0xd0 ./Application/User/main.o
 .debug_macro   0x00017cff      0x1e4 ./Application/User/main.o
 .debug_macro   0x00017ee3      0x3f3 ./Application/User/main.o
 .debug_macro   0x000182d6       0x28 ./Application/User/main.o
 .debug_macro   0x000182fe      0x123 ./Application/User/main.o
 .debug_macro   0x00018421      0x145 ./Application/User/main.o
 .debug_macro   0x00018566      0x320 ./Application/User/main.o
 .debug_macro   0x00018886      0xae5 ./Application/User/main.o
 .debug_macro   0x0001936b      0x239 ./Application/User/main.o
 .debug_macro   0x000195a4      0x5df ./Application/User/main.o
 .debug_macro   0x00019b83      0x1a5 ./Application/User/main.o
 .debug_macro   0x00019d28      0x1f2 ./Application/User/stm32g0xx_hal_msp.o
 .debug_macro   0x00019f1a      0x1fc ./Application/User/stm32g0xx_it.o
 .debug_macro   0x0001a116      0x218 ./Drivers/BSP/STM32G0xx_Nucleo/stm32g0xx_nucleo.o
 .debug_macro   0x0001a32e      0x19f ./Drivers/BSP/STM32G0xx_Nucleo/stm32g0xx_nucleo.o
 .debug_macro   0x0001a4cd      0x1e5 ./Drivers/CMSIS/system_stm32g0xx.o
 .debug_macro   0x0001a6b2      0x203 ./Drivers/STM32G0xx_HAL_Driver/stm32g0xx_hal.o
 .debug_macro   0x0001a8b5      0x1df ./Drivers/STM32G0xx_HAL_Driver/stm32g0xx_hal_cortex.o
 .debug_macro   0x0001aa94      0x1e7 ./Drivers/STM32G0xx_HAL_Driver/stm32g0xx_hal_dac.o
 .debug_macro   0x0001ac7b      0x1e5 ./Drivers/STM32G0xx_HAL_Driver/stm32g0xx_hal_dac_ex.o
 .debug_macro   0x0001ae60      0x1df ./Drivers/STM32G0xx_HAL_Driver/stm32g0xx_hal_dma.o
 .debug_macro   0x0001b03f      0x1e6 ./Drivers/STM32G0xx_HAL_Driver/stm32g0xx_hal_gpio.o
 .debug_macro   0x0001b225      0x209 ./Drivers/STM32G0xx_HAL_Driver/stm32g0xx_hal_pwr_ex.o
 .debug_macro   0x0001b42e      0x227 ./Drivers/STM32G0xx_HAL_Driver/stm32g0xx_hal_rcc.o
 .debug_macro   0x0001b655      0x1f7 ./Drivers/STM32G0xx_HAL_Driver/stm32g0xx_hal_rcc_ex.o
 .debug_macro   0x0001b84c      0x1e7 ./Drivers/STM32G0xx_HAL_Driver/stm32g0xx_hal_tim.o
 .debug_macro   0x0001ba33      0x1e5 ./Drivers/STM32G0xx_HAL_Driver/stm32g0xx_hal_tim_ex.o

.comment        0x00000000       0x43
 .comment       0x00000000       0x43 ./Application/User/main.o
                                 0x44 (size before relaxing)
 .comment       0x00000043       0x44 ./Application/User/stm32g0xx_hal_msp.o
 .comment       0x00000043       0x44 ./Application/User/stm32g0xx_it.o
 .comment       0x00000043       0x44 ./Drivers/BSP/STM32G0xx_Nucleo/stm32g0xx_nucleo.o
 .comment       0x00000043       0x44 ./Drivers/CMSIS/system_stm32g0xx.o
 .comment       0x00000043       0x44 ./Drivers/STM32G0xx_HAL_Driver/stm32g0xx_hal.o
 .comment       0x00000043       0x44 ./Drivers/STM32G0xx_HAL_Driver/stm32g0xx_hal_cortex.o
 .comment       0x00000043       0x44 ./Drivers/STM32G0xx_HAL_Driver/stm32g0xx_hal_dac.o
 .comment       0x00000043       0x44 ./Drivers/STM32G0xx_HAL_Driver/stm32g0xx_hal_dac_ex.o
 .comment       0x00000043       0x44 ./Drivers/STM32G0xx_HAL_Driver/stm32g0xx_hal_dma.o
 .comment       0x00000043       0x44 ./Drivers/STM32G0xx_HAL_Driver/stm32g0xx_hal_gpio.o
 .comment       0x00000043       0x44 ./Drivers/STM32G0xx_HAL_Driver/stm32g0xx_hal_pwr_ex.o
 .comment       0x00000043       0x44 ./Drivers/STM32G0xx_HAL_Driver/stm32g0xx_hal_rcc.o
 .comment       0x00000043       0x44 ./Drivers/STM32G0xx_HAL_Driver/stm32g0xx_hal_rcc_ex.o
 .comment       0x00000043       0x44 ./Drivers/STM32G0xx_HAL_Driver/stm32g0xx_hal_tim.o
 .comment       0x00000043       0x44 ./Drivers/STM32G0xx_HAL_Driver/stm32g0xx_hal_tim_ex.o

.debug_frame    0x00000000     0x30d8
 .debug_frame   0x00000000      0x144 ./Application/User/main.o
 .debug_frame   0x00000144       0xb0 ./Application/User/stm32g0xx_hal_msp.o
 .debug_frame   0x000001f4       0x9c ./Application/User/stm32g0xx_it.o
 .debug_frame   0x00000290      0x12c ./Drivers/BSP/STM32G0xx_Nucleo/stm32g0xx_nucleo.o
 .debug_frame   0x000003bc       0x4c ./Drivers/CMSIS/system_stm32g0xx.o
 .debug_frame   0x00000408      0x41c ./Drivers/STM32G0xx_HAL_Driver/stm32g0xx_hal.o
 .debug_frame   0x00000824      0x33c ./Drivers/STM32G0xx_HAL_Driver/stm32g0xx_hal_cortex.o
 .debug_frame   0x00000b60      0x2b0 ./Drivers/STM32G0xx_HAL_Driver/stm32g0xx_hal_dac.o
 .debug_frame   0x00000e10      0x210 ./Drivers/STM32G0xx_HAL_Driver/stm32g0xx_hal_dac_ex.o
 .debug_frame   0x00001020      0x1f0 ./Drivers/STM32G0xx_HAL_Driver/stm32g0xx_hal_dma.o
 .debug_frame   0x00001210      0x130 ./Drivers/STM32G0xx_HAL_Driver/stm32g0xx_hal_gpio.o
 .debug_frame   0x00001340      0x3f4 ./Drivers/STM32G0xx_HAL_Driver/stm32g0xx_hal_pwr_ex.o
 .debug_frame   0x00001734      0x214 ./Drivers/STM32G0xx_HAL_Driver/stm32g0xx_hal_rcc.o
 .debug_frame   0x00001948      0x1c4 ./Drivers/STM32G0xx_HAL_Driver/stm32g0xx_hal_rcc_ex.o
 .debug_frame   0x00001b0c      0xf40 ./Drivers/STM32G0xx_HAL_Driver/stm32g0xx_hal_tim.o
 .debug_frame   0x00002a4c      0x620 ./Drivers/STM32G0xx_HAL_Driver/stm32g0xx_hal_tim_ex.o
 .debug_frame   0x0000306c       0x20 C:/ST/STM32CubeIDE_2.2.0/STM32CubeIDE/plugins/com.st.stm32cube.ide.mcu.externaltools.gnu-tools-for-stm32.14.3.rel1.win32_1.0.100.202602081740/tools/bin/../lib/gcc/arm-none-eabi/14.3.1/../../../../arm-none-eabi/lib/thumb/v6-m/nofp\libc_nano.a(libc_a-memset.o)
 .debug_frame   0x0000308c       0x2c C:/ST/STM32CubeIDE_2.2.0/STM32CubeIDE/plugins/com.st.stm32cube.ide.mcu.externaltools.gnu-tools-for-stm32.14.3.rel1.win32_1.0.100.202602081740/tools/bin/../lib/gcc/arm-none-eabi/14.3.1/../../../../arm-none-eabi/lib/thumb/v6-m/nofp\libc_nano.a(libc_a-init.o)
 .debug_frame   0x000030b8       0x20 C:/ST/STM32CubeIDE_2.2.0/STM32CubeIDE/plugins/com.st.stm32cube.ide.mcu.externaltools.gnu-tools-for-stm32.14.3.rel1.win32_1.0.100.202602081740/tools/bin/../lib/gcc/arm-none-eabi/14.3.1/thumb/v6-m/nofp\libgcc.a(_udivsi3.o)
