E:/files/STM32CubeG0-master/STM32CubeG0-master/Projects/NUCLEO-G0B1RE/Examples/RTC/RTC_LowPower_STANDBY/Src/main.c:69:5:main	8	static
E:/files/STM32CubeG0-master/STM32CubeG0-master/Projects/NUCLEO-G0B1RE/Examples/RTC/RTC_LowPower_STANDBY/Src/main.c:127:6:SystemClock_Config	96	static
E:/files/STM32CubeG0-master/STM32CubeG0-master/Projects/NUCLEO-G0B1RE/Examples/RTC/RTC_LowPower_STANDBY/Src/main.c:175:13:MX_RTC_Init	80	static
E:/files/STM32CubeG0-master/STM32CubeG0-master/Projects/NUCLEO-G0B1RE/Examples/RTC/RTC_LowPower_STANDBY/Src/main.c:309:6:HAL_RTC_AlarmAEventCallback	16	static
E:/files/STM32CubeG0-master/STM32CubeG0-master/Projects/NUCLEO-G0B1RE/Examples/RTC/RTC_LowPower_STANDBY/Src/main.c:320:6:Error_Handler	8	static
